Archive member included to satisfy reference by file (symbol)

c:/st/stm32cubeide_1.7.0/stm32cubeide/plugins/com.st.stm32cube.ide.mcu.externaltools.gnu-tools-for-stm32.9-2020-q2-update.win32_2.0.0.202105311346/tools/bin/../lib/gcc/arm-none-eabi/9.3.1/../../../../arm-none-eabi/lib/thumb/v7-m/nofp\libc_nano.a(lib_a-errno.o)
                              ./Core/Src/syscalls.o (__errno)
c:/st/stm32cubeide_1.7.0/stm32cubeide/plugins/com.st.stm32cube.ide.mcu.externaltools.gnu-tools-for-stm32.9-2020-q2-update.win32_2.0.0.202105311346/tools/bin/../lib/gcc/arm-none-eabi/9.3.1/../../../../arm-none-eabi/lib/thumb/v7-m/nofp\libc_nano.a(lib_a-exit.o)
                              c:/st/stm32cubeide_1.7.0/stm32cubeide/plugins/com.st.stm32cube.ide.mcu.externaltools.gnu-tools-for-stm32.9-2020-q2-update.win32_2.0.0.202105311346/tools/bin/../lib/gcc/arm-none-eabi/9.3.1/../../../../arm-none-eabi/lib/thumb/v7-m/nofp/crt0.o (exit)
c:/st/stm32cubeide_1.7.0/stm32cubeide/plugins/com.st.stm32cube.ide.mcu.externaltools.gnu-tools-for-stm32.9-2020-q2-update.win32_2.0.0.202105311346/tools/bin/../lib/gcc/arm-none-eabi/9.3.1/../../../../arm-none-eabi/lib/thumb/v7-m/nofp\libc_nano.a(lib_a-impure.o)
                              c:/st/stm32cubeide_1.7.0/stm32cubeide/plugins/com.st.stm32cube.ide.mcu.externaltools.gnu-tools-for-stm32.9-2020-q2-update.win32_2.0.0.202105311346/tools/bin/../lib/gcc/arm-none-eabi/9.3.1/../../../../arm-none-eabi/lib/thumb/v7-m/nofp\libc_nano.a(lib_a-exit.o) (_global_impure_ptr)
c:/st/stm32cubeide_1.7.0/stm32cubeide/plugins/com.st.stm32cube.ide.mcu.externaltools.gnu-tools-for-stm32.9-2020-q2-update.win32_2.0.0.202105311346/tools/bin/../lib/gcc/arm-none-eabi/9.3.1/../../../../arm-none-eabi/lib/thumb/v7-m/nofp\libc_nano.a(lib_a-init.o)
                              c:/st/stm32cubeide_1.7.0/stm32cubeide/plugins/com.st.stm32cube.ide.mcu.externaltools.gnu-tools-for-stm32.9-2020-q2-update.win32_2.0.0.202105311346/tools/bin/../lib/gcc/arm-none-eabi/9.3.1/../../../../arm-none-eabi/lib/thumb/v7-m/nofp/crt0.o (__libc_init_array)
c:/st/stm32cubeide_1.7.0/stm32cubeide/plugins/com.st.stm32cube.ide.mcu.externaltools.gnu-tools-for-stm32.9-2020-q2-update.win32_2.0.0.202105311346/tools/bin/../lib/gcc/arm-none-eabi/9.3.1/../../../../arm-none-eabi/lib/thumb/v7-m/nofp\libc_nano.a(lib_a-malloc.o)
                              ./Core/Src/SH1107/sh1107.o (malloc)
c:/st/stm32cubeide_1.7.0/stm32cubeide/plugins/com.st.stm32cube.ide.mcu.externaltools.gnu-tools-for-stm32.9-2020-q2-update.win32_2.0.0.202105311346/tools/bin/../lib/gcc/arm-none-eabi/9.3.1/../../../../arm-none-eabi/lib/thumb/v7-m/nofp\libc_nano.a(lib_a-memcmp.o)
                              ./Core/Src/rt_bus_proto.o (memcmp)
c:/st/stm32cubeide_1.7.0/stm32cubeide/plugins/com.st.stm32cube.ide.mcu.externaltools.gnu-tools-for-stm32.9-2020-q2-update.win32_2.0.0.202105311346/tools/bin/../lib/gcc/arm-none-eabi/9.3.1/../../../../arm-none-eabi/lib/thumb/v7-m/nofp\libc_nano.a(lib_a-memcpy-stub.o)
                              ./Core/Src/SH1107/sh1107.o (memcpy)
c:/st/stm32cubeide_1.7.0/stm32cubeide/plugins/com.st.stm32cube.ide.mcu.externaltools.gnu-tools-for-stm32.9-2020-q2-update.win32_2.0.0.202105311346/tools/bin/../lib/gcc/arm-none-eabi/9.3.1/../../../../arm-none-eabi/lib/thumb/v7-m/nofp\libc_nano.a(lib_a-memmove.o)
                              ./Core/Src/SH1107/sh1107_test.o (memmove)
c:/st/stm32cubeide_1.7.0/stm32cubeide/plugins/com.st.stm32cube.ide.mcu.externaltools.gnu-tools-for-stm32.9-2020-q2-update.win32_2.0.0.202105311346/tools/bin/../lib/gcc/arm-none-eabi/9.3.1/../../../../arm-none-eabi/lib/thumb/v7-m/nofp\libc_nano.a(lib_a-memset.o)
                              c:/st/stm32cubeide_1.7.0/stm32cubeide/plugins/com.st.stm32cube.ide.mcu.externaltools.gnu-tools-for-stm32.9-2020-q2-update.win32_2.0.0.202105311346/tools/bin/../lib/gcc/arm-none-eabi/9.3.1/../../../../arm-none-eabi/lib/thumb/v7-m/nofp/crt0.o (memset)
c:/st/stm32cubeide_1.7.0/stm32cubeide/plugins/com.st.stm32cube.ide.mcu.externaltools.gnu-tools-for-stm32.9-2020-q2-update.win32_2.0.0.202105311346/tools/bin/../lib/gcc/arm-none-eabi/9.3.1/../../../../arm-none-eabi/lib/thumb/v7-m/nofp\libc_nano.a(lib_a-nano-freer.o)
                              c:/st/stm32cubeide_1.7.0/stm32cubeide/plugins/com.st.stm32cube.ide.mcu.externaltools.gnu-tools-for-stm32.9-2020-q2-update.win32_2.0.0.202105311346/tools/bin/../lib/gcc/arm-none-eabi/9.3.1/../../../../arm-none-eabi/lib/thumb/v7-m/nofp\libc_nano.a(lib_a-malloc.o) (_free_r)
c:/st/stm32cubeide_1.7.0/stm32cubeide/plugins/com.st.stm32cube.ide.mcu.externaltools.gnu-tools-for-stm32.9-2020-q2-update.win32_2.0.0.202105311346/tools/bin/../lib/gcc/arm-none-eabi/9.3.1/../../../../arm-none-eabi/lib/thumb/v7-m/nofp\libc_nano.a(lib_a-nano-mallocr.o)
[...]
Memory Configuration

Name             Origin             Length             Attributes
RAM              0x0000000020000000 0x000000000000c000 xrw
FLASH            0x0000000008000000 0x0000000000040000 xr
*default*        0x0000000000000000 0xffffffffffffffff

Linker script and memory map

LOAD c:/st/stm32cubeide_1.7.0/stm32cubeide/plugins/com.st.stm32cube.ide.mcu.externaltools.gnu-tools-for-stm32.9-2020-q2-update.win32_2.0.0.202105311346/tools/bin/../lib/gcc/arm-none-eabi/9.3.1/thumb/v7-m/nofp/crti.o
LOAD c:/st/stm32cubeide_1.7.0/stm32cubeide/plugins/com.st.stm32cube.ide.mcu.externaltools.gnu-tools-for-stm32.9-2020-q2-update.win32_2.0.0.202105311346/tools/bin/../lib/gcc/arm-none-eabi/9.3.1/thumb/v7-m/nofp/crtbegin.o
LOAD c:/st/stm32cubeide_1.7.0/stm32cubeide/plugins/com.st.stm32cube.ide.mcu.externaltools.gnu-tools-for-stm32.9-2020-q2-update.win32_2.0.0.202105311346/tools/bin/../lib/gcc/arm-none-eabi/9.3.1/../../../../arm-none-eabi/lib/thumb/v7-m/nofp/crt0.o
LOAD ./Core/Src/LED_DRV_LP55231/led_drv_lp55231.o
LOAD ./Core/Src/SH1107/sh1107.o
LOAD ./Core/Src/SH1107/sh1107_fonts.o
LOAD ./Core/Src/SH1107/sh1107_test.o
LOAD ./Core/Src/ad529x.o
LOAD ./Core/Src/crc16.o
LOAD ./Core/Src/dma.o
LOAD ./Core/Src/gpio.o
LOAD ./Core/Src/i2c.o
LOAD ./Core/Src/io.o
LOAD ./Core/Src/main.o
LOAD ./Core/Src/rt_bus_proto.o
LOAD ./Core/Src/spi.o
LOAD ./Core/Src/ssi.o
LOAD ./Core/Src/stm32f1xx_hal_msp.o
LOAD ./Core/Src/stm32f1xx_it.o
LOAD ./Core/Src/syscalls.o
LOAD ./Core/Src/sysmem.o
LOAD ./Core/Src/system_stm32f1xx.o
LOAD ./Core/Src/usart.o
LOAD ./Core/Startup/startup_stm32f103rctx.o
LOAD ./Drivers/STM32F1xx_HAL_Driver/Src/stm32f1xx_hal.o
LOAD ./Drivers/STM32F1xx_HAL_Driver/Src/stm32f1xx_hal_cortex.o
LOAD ./Drivers/STM32F1xx_HAL_Driver/Src/stm32f1xx_hal_dma.o
LOAD ./Drivers/STM32F1xx_HAL_Driver/Src/stm32f1xx_hal_exti.o
LOAD ./Drivers/STM32F1xx_HAL_Driver/Src/stm32f1xx_hal_flash.o
LOAD ./Drivers/STM32F1xx_HAL_Driver/Src/stm32f1xx_hal_flash_ex.o
LOAD ./Drivers/STM32F1xx_HAL_Driver/Src/stm32f1xx_hal_gpio.o
LOAD ./Drivers/STM32F1xx_HAL_Driver/Src/stm32f1xx_hal_gpio_ex.o
LOAD ./Drivers/STM32F1xx_HAL_Driver/Src/stm32f1xx_hal_i2c.o
LOAD ./Drivers/STM32F1xx_HAL_Driver/Src/stm32f1xx_hal_pwr.o
LOAD ./Drivers/STM32F1xx_HAL_Driver/Src/stm32f1xx_hal_rcc.o
LOAD ./Drivers/STM32F1xx_HAL_Driver/Src/stm32f1xx_hal_rcc_ex.o
LOAD ./Drivers/STM32F1xx_HAL_Driver/Src/stm32f1xx_hal_spi.o
LOAD ./Drivers/STM32F1xx_HAL_Driver/Src/stm32f1xx_hal_tim.o
LOAD ./Drivers/STM32F1xx_HAL_Driver/Src/stm32f1xx_hal_tim_ex.o
LOAD ./Drivers/STM32F1xx_HAL_Driver/Src/stm32f1xx_hal_uart.o
START GROUP
LOAD c:/st/stm32cubeide_1.7.0/stm32cubeide/plugins/com.st.stm32cube.ide.mcu.externaltools.gnu-tools-for-stm32.9-2020-q2-update.win32_2.0.0.202105311346/tools/bin/../lib/gcc/arm-none-eabi/9.3.1/../../../../arm-none-eabi/lib/thumb/v7-m/nofp\libc_nano.a
LOAD c:/st/stm32cubeide_1.7.0/stm32cubeide/plugins/com.st.stm32cube.ide.mcu.externaltools.gnu-tools-for-stm32.9-2020-q2-update.win32_2.0.0.202105311346/tools/bin/../lib/gcc/arm-none-eabi/9.3.1/../../../../arm-none-eabi/lib/thumb/v7-m/nofp\libm.a
END GROUP
START GROUP
LOAD c:/st/stm32cubeide_1.7.0/stm32cubeide/plugins/com.st.stm32cube.ide.mcu.externaltools.gnu-tools-for-stm32.9-2020-q2-update.win32_2.0.0.202105311346/tools/bin/../lib/gcc/arm-none-eabi/9.3.1/thumb/v7-m/nofp\libgcc.a
LOAD c:/st/stm32cubeide_1.7.0/stm32cubeide/plugins/com.st.stm32cube.ide.mcu.externaltools.gnu-tools-for-stm32.9-2020-q2-update.win32_2.0.0.202105311346/tools/bin/../lib/gcc/arm-none-eabi/9.3.1/../../../../arm-none-eabi/lib/thumb/v7-m/nofp\libc_nano.a
END GROUP
START GROUP
LOAD c:/st/stm32cubeide_1.7.0/stm32cubeide/plugins/com.st.stm32cube.ide.mcu.externaltools.gnu-tools-for-stm32.9-2020-q2-update.win32_2.0.0.202105311346/tools/bin/../lib/gcc/arm-none-eabi/9.3.1/thumb/v7-m/nofp\libgcc.a
LOAD c:/st/stm32cubeide_1.7.0/stm32cubeide/plugins/com.st.stm32cube.ide.mcu.externaltools.gnu-tools-for-stm32.9-2020-q2-update.win32_2.0.0.202105311346/tools/bin/../lib/gcc/arm-none-eabi/9.3.1/../../../../arm-none-eabi/lib/thumb/v7-m/nofp\libc_nano.a
LOAD c:/st/stm32cubeide_1.7.0/stm32cubeide/plugins/com.st.stm32cube.ide.mcu.externaltools.gnu-tools-for-stm32.9-2020-q2-update.win32_2.0.0.202105311346/tools/bin/../lib/gcc/arm-none-eabi/9.3.1/../../../../arm-none-eabi/lib/thumb/v7-m/nofp\libnosys.a
END GROUP
START GROUP
LOAD c:/st/stm32cubeide_1.7.0/stm32cubeide/plugins/com.st.stm32cube.ide.mcu.externaltools.gnu-tools-for-stm32.9-2020-q2-update.win32_2.0.0.202105311346/tools/bin/../lib/gcc/arm-none-eabi/9.3.1/thumb/v7-m/nofp\libgcc.a
LOAD c:/st/stm32cubeide_1.7.0/stm32cubeide/plugins/com.st.stm32cube.ide.mcu.externaltools.gnu-tools-for-stm32.9-2020-q2-update.win32_2.0.0.202105311346/tools/bin/../lib/gcc/arm-none-eabi/9.3.1/../../../../arm-none-eabi/lib/thumb/v7-m/nofp\libc_nano.a
LOAD c:/st/stm32cubeide_1.7.0/stm32cubeide/plugins/com.st.stm32cube.ide.mcu.externaltools.gnu-tools-for-stm32.9-2020-q2-update.win32_2.0.0.202105311346/tools/bin/../lib/gcc/arm-none-eabi/9.3.1/../../../../arm-none-eabi/lib/thumb/v7-m/nofp\libnosys.a
END GROUP
LOAD c:/st/stm32cubeide_1.7.0/stm32cubeide/plugins/com.st.stm32cube.ide.mcu.externaltools.gnu-tools-for-stm32.9-2020-q2-update.win32_2.0.0.202105311346/tools/bin/../lib/gcc/arm-none-eabi/9.3.1/thumb/v7-m/nofp/crtend.o
LOAD c:/st/stm32cubeide_1.7.0/stm32cubeide/plugins/com.st.stm32cube.ide.mcu.externaltools.gnu-tools-for-stm32.9-2020-q2-update.win32_2.0.0.202105311346/tools/bin/../lib/gcc/arm-none-eabi/9.3.1/thumb/v7-m/nofp/crtn.o
                0x000000002000c000                _estack = (ORIGIN (RAM) + LENGTH (RAM))
                0x0000000000000200                _Min_Heap_Size = 0x200
                0x0000000000000400                _Min_Stack_Size = 0x400

.isr_vector     0x0000000008000000      0x1e4
                0x0000000008000000                . = ALIGN (0x4)
 *(.isr_vector)
 .isr_vector    0x0000000008000000      0x1e4 ./Core/Startup/startup_stm32f103rctx.o
                0x0000000008000000                g_pfnVectors
                0x00000000080001e4                . = ALIGN (0x4)

.text           0x00000000080001e4     0x5438
                0x00000000080001e4                . = ALIGN (0x4)
 *(.text)
 .text          0x00000000080001e4       0x40 c:/st/stm32cubeide_1.7.0/stm32cubeide/plugins/com.st.stm32cube.ide.mcu.externaltools.gnu-tools-for-stm32.9-2020-q2-update.win32_2.0.0.202105311346/tools/bin/../lib/gcc/arm-none-eabi/9.3.1/thumb/v7-m/nofp/crtbegin.o
 .text          0x0000000008000224       0x10 c:/st/stm32cubeide_1.7.0/stm32cubeide/plugins/com.st.stm32cube.ide.mcu.externaltools.gnu-tools-for-stm32.9-2020-q2-update.win32_2.0.0.202105311346/tools/bin/../lib/gcc/arm-none-eabi/9.3.1/../../../../arm-none-eabi/lib/thumb/v7-m/nofp\libc_nano.a(lib_a-strlen.o)
                0x0000000008000224                strlen
 .text          0x0000000008000234      0x168 c:/st/stm32cubeide_1.7.0/stm32cubeide/plugins/com.st.stm32cube.ide.mcu.externaltools.gnu-tools-for-stm32.9-2020-q2-update.win32_2.0.0.202105311346/tools/bin/../lib/gcc/arm-none-eabi/9.3.1/thumb/v7-m/nofp\libgcc.a(_arm_mulsf3.o)
                0x0000000008000234                __aeabi_fmul
                0x0000000008000234                __mulsf3
 .text          0x000000000800039c       0xec c:/st/stm32cubeide_1.7.0/stm32cubeide/plugins/com.st.stm32cube.ide.mcu.externaltools.gnu-tools-for-stm32.9-2020-q2-update.win32_2.0.0.202105311346/tools/bin/../lib/gcc/arm-none-eabi/9.3.1/thumb/v7-m/nofp\libgcc.a(_arm_cmpsf2.o)
                0x000000000800039c                __gesf2
                0x000000000800039c                __gtsf2
                0x00000000080003a4                __lesf2
                0x00000000080003a4                __ltsf2
                0x00000000080003ac                __nesf2
                0x00000000080003ac                __eqsf2
                0x00000000080003ac                __cmpsf2
                0x000000000800040c                __aeabi_cfrcmple
                0x0000000008000414                __aeabi_cfcmpeq
                0x0000000008000414                __aeabi_cfcmple
                0x0000000008000424                __aeabi_fcmpeq
                0x0000000008000438                __aeabi_fcmplt
                0x000000000800044c                __aeabi_fcmple
                0x0000000008000460                __aeabi_fcmpge
                0x0000000008000474                __aeabi_fcmpgt
 .text          0x0000000008000488       0x40 c:/st/stm32cubeide_1.7.0/stm32cubeide/plugins/com.st.stm32cube.ide.mcu.externaltools.gnu-tools-for-stm32.9-2020-q2-update.win32_2.0.0.202105311346/tools/bin/../lib/gcc/arm-none-eabi/9.3.1/thumb/v7-m/nofp\libgcc.a(_arm_fixunssfsi.o)
                0x0000000008000488                __fixunssfsi
                0x0000000008000488                __aeabi_f2uiz
 *(.text*)
 .text.LP55231_WriteReg
                0x00000000080004c8       0x38 ./Core/Src/LED_DRV_LP55231/led_drv_lp55231.o
                0x00000000080004c8                LP55231_WriteReg
 .text.LP55231_Init
                0x0000000008000500       0x20 ./Core/Src/LED_DRV_LP55231/led_drv_lp55231.o
                0x0000000008000500                LP55231_Init
 .text.LP55231_Enable
                0x0000000008000520       0x18 ./Core/Src/LED_DRV_LP55231/led_drv_lp55231.o
                0x0000000008000520                LP55231_Enable
 .text.LP55231_Reset
                0x0000000008000538       0x10 ./Core/Src/LED_DRV_LP55231/led_drv_lp55231.o
                0x0000000008000538                LP55231_Reset
 .text.SH1107_Reset
                0x0000000008000548       0x16 ./Core/Src/SH1107/sh1107.o
                0x0000000008000548                SH1107_Reset
 *fill*         0x000000000800055e        0x2 
 .text.SH1107_On
                0x0000000008000560       0x18 ./Core/Src/SH1107/sh1107.o
                0x0000000008000560                SH1107_On
 .text.SH1107_Off
                0x0000000008000578       0x18 ./Core/Src/SH1107/sh1107.o
                0x0000000008000578                SH1107_Off
 .text.SH1107_WriteCommand
                0x0000000008000590       0x30 ./Core/Src/SH1107/sh1107.o
                0x0000000008000590                SH1107_WriteCommand
 .text.SH1107_WriteData
                0x00000000080005c0       0x34 ./Core/Src/SH1107/sh1107.o
                0x00000000080005c0                SH1107_WriteData
 .text.SH1107_ChangePageAddress
                0x00000000080005f4       0x3c ./Core/Src/SH1107/sh1107.o
                0x00000000080005f4                SH1107_ChangePageAddress
 .text.SH1107_ChangeColumnAddress
                0x0000000008000630       0x36 ./Core/Src/SH1107/sh1107.o
                0x0000000008000630                SH1107_ChangeColumnAddress
 *fill*         0x0000000008000666        0x2 
 .text.SH1107_Init
                0x0000000008000668       0xcc ./Core/Src/SH1107/sh1107.o
                0x0000000008000668                SH1107_Init
 .text.SH1107_Fill
                0x0000000008000734       0x30 ./Core/Src/SH1107/sh1107.o
                0x0000000008000734                SH1107_Fill
 .text.SH1107_UpdateScreen
                0x0000000008000764       0x44 ./Core/Src/SH1107/sh1107.o
                0x0000000008000764                SH1107_UpdateScreen
 .text.SPI_Write
                0x00000000080007a8       0x2a ./Core/Src/ad529x.o
                0x00000000080007a8                SPI_Write
 .text.AD529x_SetRegister
                0x00000000080007d2       0x58 ./Core/Src/ad529x.o
                0x00000000080007d2                AD529x_SetRegister
 *fill*         0x000000000800082a        0x2 
 .text.AD529x_SetResistor
                0x000000000800082c       0x44 ./Core/Src/ad529x.o
                0x000000000800082c                AD529x_SetResistor
 .text.AD529x_Init
                0x0000000008000870       0x1c ./Core/Src/ad529x.o
                0x0000000008000870                AD529x_Init
 .text.MX_DMA_Init
                0x000000000800088c       0x5c ./Core/Src/dma.o
                0x000000000800088c                MX_DMA_Init
 .text.MX_GPIO_Init
                0x00000000080008e8      0x19c ./Core/Src/gpio.o
                0x00000000080008e8                MX_GPIO_Init
 .text.MX_I2C1_Init
                0x0000000008000a84       0x5c ./Core/Src/i2c.o
                0x0000000008000a84                MX_I2C1_Init
 .text.HAL_I2C_MspInit
                0x0000000008000ae0       0x7c ./Core/Src/i2c.o
                0x0000000008000ae0                HAL_I2C_MspInit
 .text.main     0x0000000008000b5c       0xbc ./Core/Src/main.o
                0x0000000008000b5c                main
 .text.SystemClock_Config
                0x0000000008000c18       0x8a ./Core/Src/main.o
                0x0000000008000c18                SystemClock_Config
 *fill*         0x0000000008000ca2        0x2 
 .text.HAL_GPIO_EXTI_Callback
                0x0000000008000ca4       0x8c ./Core/Src/main.o
                0x0000000008000ca4                HAL_GPIO_EXTI_Callback
 .text.HAL_SPI_TxRxCpltCallback
                0x0000000008000d30       0x24 ./Core/Src/main.o
                0x0000000008000d30                HAL_SPI_TxRxCpltCallback
 .text.Error_Handler
                0x0000000008000d54       0x18 ./Core/Src/main.o
                0x0000000008000d54                Error_Handler
 .text.SPI_DMA_Reset
                0x0000000008000d6c       0x4c ./Core/Src/rt_bus_proto.o
                0x0000000008000d6c                SPI_DMA_Reset
 .text.rt_get_io_values
                0x0000000008000db8       0x78 ./Core/Src/rt_bus_proto.o
                0x0000000008000db8                rt_get_io_values
 .text.MX_SPI1_Init
                0x0000000008000e30       0x68 ./Core/Src/spi.o
                0x0000000008000e30                MX_SPI1_Init
 .text.MX_SPI2_Init
                0x0000000008000e98       0x70 ./Core/Src/spi.o
                0x0000000008000e98                MX_SPI2_Init
 .text.MX_SPI3_Init
                0x0000000008000f08       0x6c ./Core/Src/spi.o
                0x0000000008000f08                MX_SPI3_Init
 .text.HAL_SPI_MspInit
                0x0000000008000f74      0x23c ./Core/Src/spi.o
                0x0000000008000f74                HAL_SPI_MspInit
 .text.HAL_SPI3_SetMode
                0x00000000080011b0       0xc8 ./Core/Src/spi.o
                0x00000000080011b0                HAL_SPI3_SetMode
 .text.HAL_SPI3_SelectSlave
                0x0000000008001278       0x40 ./Core/Src/spi.o
                0x0000000008001278                HAL_SPI3_SelectSlave
 .text.HAL_SPI3_DeselectSlave
                0x00000000080012b8       0x6c ./Core/Src/spi.o
                0x00000000080012b8                HAL_SPI3_DeselectSlave
 .text.HAL_SPI3_ReadWrite
                0x0000000008001324       0x4c ./Core/Src/spi.o
                0x0000000008001324                HAL_SPI3_ReadWrite
 .text.ssi_read
                0x0000000008001370       0x80 ./Core/Src/ssi.o
                0x0000000008001370                ssi_read
 .text.HAL_MspInit
                0x00000000080013f0       0x64 ./Core/Src/stm32f1xx_hal_msp.o
                0x00000000080013f0                HAL_MspInit
 .text.NMI_Handler
                0x0000000008001454        0xc ./Core/Src/stm32f1xx_it.o
                0x0000000008001454                NMI_Handler
 .text.HardFault_Handler
                0x0000000008001460       0x18 ./Core/Src/stm32f1xx_it.o
                0x0000000008001460                HardFault_Handler
 .text.MemManage_Handler
                0x0000000008001478        0x6 ./Core/Src/stm32f1xx_it.o
                0x0000000008001478                MemManage_Handler
 .text.BusFault_Handler
                0x000000000800147e        0x6 ./Core/Src/stm32f1xx_it.o
                0x000000000800147e                BusFault_Handler
 .text.UsageFault_Handler
                0x0000000008001484        0x6 ./Core/Src/stm32f1xx_it.o
                0x0000000008001484                UsageFault_Handler
 .text.SVC_Handler
                0x000000000800148a        0xc ./Core/Src/stm32f1xx_it.o
                0x000000000800148a                SVC_Handler
 .text.DebugMon_Handler
                0x0000000008001496        0xc ./Core/Src/stm32f1xx_it.o
                0x0000000008001496                DebugMon_Handler
 .text.PendSV_Handler
                0x00000000080014a2        0xc ./Core/Src/stm32f1xx_it.o
                0x00000000080014a2                PendSV_Handler
 .text.SysTick_Handler
                0x00000000080014ae        0xc ./Core/Src/stm32f1xx_it.o
                0x00000000080014ae                SysTick_Handler
 .text.EXTI2_IRQHandler
                0x00000000080014ba        0xe ./Core/Src/stm32f1xx_it.o
                0x00000000080014ba                EXTI2_IRQHandler
 .text.DMA1_Channel2_IRQHandler
                0x00000000080014c8       0x14 ./Core/Src/stm32f1xx_it.o
                0x00000000080014c8                DMA1_Channel2_IRQHandler
 .text.DMA1_Channel3_IRQHandler
                0x00000000080014dc       0x14 ./Core/Src/stm32f1xx_it.o
                0x00000000080014dc                DMA1_Channel3_IRQHandler
 .text.DMA1_Channel4_IRQHandler
                0x00000000080014f0       0x14 ./Core/Src/stm32f1xx_it.o
                0x00000000080014f0                DMA1_Channel4_IRQHandler
 .text.EXTI9_5_IRQHandler
                0x0000000008001504       0x1a ./Core/Src/stm32f1xx_it.o
                0x0000000008001504                EXTI9_5_IRQHandler
 *fill*         0x000000000800151e        0x2 
 .text.SPI1_IRQHandler
                0x0000000008001520       0x14 ./Core/Src/stm32f1xx_it.o
                0x0000000008001520                SPI1_IRQHandler
 .text._sbrk    0x0000000008001534       0x58 ./Core/Src/sysmem.o
                0x0000000008001534                _sbrk
 .text.SystemInit
                0x000000000800158c        0xc ./Core/Src/system_stm32f1xx.o
                0x000000000800158c                SystemInit
 .text.MX_USART1_UART_Init
                0x0000000008001598       0x54 ./Core/Src/usart.o
                0x0000000008001598                MX_USART1_UART_Init
 .text.HAL_UART_MspInit
                0x00000000080015ec       0xec ./Core/Src/usart.o
                0x00000000080015ec                HAL_UART_MspInit
 .text.vprintln
                0x00000000080016d8       0x58 ./Core/Src/usart.o
                0x00000000080016d8                vprintln
 .text.dbprintf
                0x0000000008001730       0x24 ./Core/Src/usart.o
                0x0000000008001730                dbprintf
 .text.Reset_Handler
                0x0000000008001754       0x48 ./Core/Startup/startup_stm32f103rctx.o
                0x0000000008001754                Reset_Handler
 .text.Default_Handler
                0x000000000800179c        0x2 ./Core/Startup/startup_stm32f103rctx.o
                0x000000000800179c                RTC_Alarm_IRQHandler
                0x000000000800179c                TIM8_TRG_COM_IRQHandler
                0x000000000800179c                TIM8_CC_IRQHandler
                0x000000000800179c                TIM1_CC_IRQHandler
                0x000000000800179c                TIM6_IRQHandler
                0x000000000800179c                PVD_IRQHandler
                0x000000000800179c                SDIO_IRQHandler
                0x000000000800179c                EXTI3_IRQHandler
                0x000000000800179c                EXTI0_IRQHandler
                0x000000000800179c                I2C2_EV_IRQHandler
                0x000000000800179c                ADC1_2_IRQHandler
                0x000000000800179c                TAMPER_IRQHandler
                0x000000000800179c                TIM8_UP_IRQHandler
                0x000000000800179c                DMA2_Channel2_IRQHandler
                0x000000000800179c                USART3_IRQHandler
                0x000000000800179c                RTC_IRQHandler
                0x000000000800179c                DMA1_Channel7_IRQHandler
                0x000000000800179c                CAN1_RX1_IRQHandler
                0x000000000800179c                UART5_IRQHandler
                0x000000000800179c                ADC3_IRQHandler
                0x000000000800179c                TIM4_IRQHandler
                0x000000000800179c                DMA2_Channel1_IRQHandler
                0x000000000800179c                I2C1_EV_IRQHandler
                0x000000000800179c                DMA1_Channel6_IRQHandler
                0x000000000800179c                UART4_IRQHandler
                0x000000000800179c                TIM3_IRQHandler
                0x000000000800179c                RCC_IRQHandler
                0x000000000800179c                TIM1_TRG_COM_IRQHandler
                0x000000000800179c                DMA1_Channel1_IRQHandler
                0x000000000800179c                Default_Handler
                0x000000000800179c                EXTI15_10_IRQHandler
                0x000000000800179c                TIM7_IRQHandler
                0x000000000800179c                TIM5_IRQHandler
                0x000000000800179c                SPI2_IRQHandler
                0x000000000800179c                DMA1_Channel5_IRQHandler
                0x000000000800179c                EXTI4_IRQHandler
                0x000000000800179c                USB_LP_CAN1_RX0_IRQHandler
                0x000000000800179c                USB_HP_CAN1_TX_IRQHandler
                0x000000000800179c                FSMC_IRQHandler
                0x000000000800179c                TIM1_UP_IRQHandler
                0x000000000800179c                WWDG_IRQHandler
                0x000000000800179c                TIM2_IRQHandler
                0x000000000800179c                TIM1_BRK_IRQHandler
                0x000000000800179c                EXTI1_IRQHandler
                0x000000000800179c                DMA2_Channel4_5_IRQHandler
                0x000000000800179c                USART2_IRQHandler
                0x000000000800179c                I2C2_ER_IRQHandler
                0x000000000800179c                TIM8_BRK_IRQHandler
                0x000000000800179c                CAN1_SCE_IRQHandler
                0x000000000800179c                FLASH_IRQHandler
                0x000000000800179c                USART1_IRQHandler
                0x000000000800179c                SPI3_IRQHandler
                0x000000000800179c                I2C1_ER_IRQHandler
                0x000000000800179c                USBWakeUp_IRQHandler
                0x000000000800179c                DMA2_Channel3_IRQHandler
 *fill*         0x000000000800179e        0x2 
 .text.HAL_Init
                0x00000000080017a0       0x2c ./Drivers/STM32F1xx_HAL_Driver/Src/stm32f1xx_hal.o
                0x00000000080017a0                HAL_Init
 .text.HAL_InitTick
                0x00000000080017cc       0x60 ./Drivers/STM32F1xx_HAL_Driver/Src/stm32f1xx_hal.o
                0x00000000080017cc                HAL_InitTick
 .text.HAL_IncTick
                0x000000000800182c       0x24 ./Drivers/STM32F1xx_HAL_Driver/Src/stm32f1xx_hal.o
                0x000000000800182c                HAL_IncTick
 .text.HAL_GetTick
                0x0000000008001850       0x14 ./Drivers/STM32F1xx_HAL_Driver/Src/stm32f1xx_hal.o
                0x0000000008001850                HAL_GetTick
 .text.HAL_Delay
                0x0000000008001864       0x48 ./Drivers/STM32F1xx_HAL_Driver/Src/stm32f1xx_hal.o
                0x0000000008001864                HAL_Delay
 .text.__NVIC_SetPriorityGrouping
                0x00000000080018ac       0x48 ./Drivers/STM32F1xx_HAL_Driver/Src/stm32f1xx_hal_cortex.o
 .text.__NVIC_GetPriorityGrouping
                0x00000000080018f4       0x1c ./Drivers/STM32F1xx_HAL_Driver/Src/stm32f1xx_hal_cortex.o
 .text.__NVIC_EnableIRQ
                0x0000000008001910       0x38 ./Drivers/STM32F1xx_HAL_Driver/Src/stm32f1xx_hal_cortex.o
 .text.__NVIC_SetPriority
                0x0000000008001948       0x54 ./Drivers/STM32F1xx_HAL_Driver/Src/stm32f1xx_hal_cortex.o
 .text.NVIC_EncodePriority
                0x000000000800199c       0x64 ./Drivers/STM32F1xx_HAL_Driver/Src/stm32f1xx_hal_cortex.o
 .text.SysTick_Config
                0x0000000008001a00       0x44 ./Drivers/STM32F1xx_HAL_Driver/Src/stm32f1xx_hal_cortex.o
 .text.HAL_NVIC_SetPriorityGrouping
                0x0000000008001a44       0x16 ./Drivers/STM32F1xx_HAL_Driver/Src/stm32f1xx_hal_cortex.o
                0x0000000008001a44                HAL_NVIC_SetPriorityGrouping
 .text.HAL_NVIC_SetPriority
                0x0000000008001a5a       0x38 ./Drivers/STM32F1xx_HAL_Driver/Src/stm32f1xx_hal_cortex.o
                0x0000000008001a5a                HAL_NVIC_SetPriority
 .text.HAL_NVIC_EnableIRQ
                0x0000000008001a92       0x1c ./Drivers/STM32F1xx_HAL_Driver/Src/stm32f1xx_hal_cortex.o
                0x0000000008001a92                HAL_NVIC_EnableIRQ
 .text.HAL_SYSTICK_Config
                0x0000000008001aae       0x18 ./Drivers/STM32F1xx_HAL_Driver/Src/stm32f1xx_hal_cortex.o
                0x0000000008001aae                HAL_SYSTICK_Config
 *fill*         0x0000000008001ac6        0x2 
 .text.HAL_DMA_Init
                0x0000000008001ac8       0xec ./Drivers/STM32F1xx_HAL_Driver/Src/stm32f1xx_hal_dma.o
                0x0000000008001ac8                HAL_DMA_Init
 .text.HAL_DMA_Start_IT
                0x0000000008001bb4       0xbe ./Drivers/STM32F1xx_HAL_Driver/Src/stm32f1xx_hal_dma.o
                0x0000000008001bb4                HAL_DMA_Start_IT
 .text.HAL_DMA_Abort
                0x0000000008001c72       0x74 ./Drivers/STM32F1xx_HAL_Driver/Src/stm32f1xx_hal_dma.o
                0x0000000008001c72                HAL_DMA_Abort
 *fill*         0x0000000008001ce6        0x2 
 .text.HAL_DMA_Abort_IT
                0x0000000008001ce8      0x210 ./Drivers/STM32F1xx_HAL_Driver/Src/stm32f1xx_hal_dma.o
                0x0000000008001ce8                HAL_DMA_Abort_IT
 .text.HAL_DMA_IRQHandler
                0x0000000008001ef8      0x478 ./Drivers/STM32F1xx_HAL_Driver/Src/stm32f1xx_hal_dma.o
                0x0000000008001ef8                HAL_DMA_IRQHandler
 .text.DMA_SetConfig
                0x0000000008002370       0x5a ./Drivers/STM32F1xx_HAL_Driver/Src/stm32f1xx_hal_dma.o
 *fill*         0x00000000080023ca        0x2 
 .text.HAL_GPIO_Init
                0x00000000080023cc      0x328 ./Drivers/STM32F1xx_HAL_Driver/Src/stm32f1xx_hal_gpio.o
                0x00000000080023cc                HAL_GPIO_Init
 .text.HAL_GPIO_ReadPin
                0x00000000080026f4       0x2e ./Drivers/STM32F1xx_HAL_Driver/Src/stm32f1xx_hal_gpio.o
                0x00000000080026f4                HAL_GPIO_ReadPin
 .text.HAL_GPIO_WritePin
                0x0000000008002722       0x30 ./Drivers/STM32F1xx_HAL_Driver/Src/stm32f1xx_hal_gpio.o
                0x0000000008002722                HAL_GPIO_WritePin
 *fill*         0x0000000008002752        0x2 
 .text.HAL_GPIO_EXTI_IRQHandler
                0x0000000008002754       0x30 ./Drivers/STM32F1xx_HAL_Driver/Src/stm32f1xx_hal_gpio.o
                0x0000000008002754                HAL_GPIO_EXTI_IRQHandler
 .text.HAL_I2C_Init
                0x0000000008002784      0x288 ./Drivers/STM32F1xx_HAL_Driver/Src/stm32f1xx_hal_i2c.o
                0x0000000008002784                HAL_I2C_Init
 .text.HAL_I2C_Mem_Write
                0x0000000008002a0c      0x1f4 ./Drivers/STM32F1xx_HAL_Driver/Src/stm32f1xx_hal_i2c.o
                0x0000000008002a0c                HAL_I2C_Mem_Write
 .text.I2C_RequestMemoryWrite
                0x0000000008002c00      0x12c ./Drivers/STM32F1xx_HAL_Driver/Src/stm32f1xx_hal_i2c.o
 .text.I2C_WaitOnFlagUntilTimeout
                0x0000000008002d2c       0xae ./Drivers/STM32F1xx_HAL_Driver/Src/stm32f1xx_hal_i2c.o
 .text.I2C_WaitOnMasterAddressFlagUntilTimeout
                0x0000000008002dda       0xfe ./Drivers/STM32F1xx_HAL_Driver/Src/stm32f1xx_hal_i2c.o
 .text.I2C_WaitOnTXEFlagUntilTimeout
                0x0000000008002ed8       0x82 ./Drivers/STM32F1xx_HAL_Driver/Src/stm32f1xx_hal_i2c.o
 .text.I2C_WaitOnBTFFlagUntilTimeout
                0x0000000008002f5a       0x82 ./Drivers/STM32F1xx_HAL_Driver/Src/stm32f1xx_hal_i2c.o
 .text.I2C_IsAcknowledgeFailed
                0x0000000008002fdc       0x5c ./Drivers/STM32F1xx_HAL_Driver/Src/stm32f1xx_hal_i2c.o
 .text.HAL_RCC_OscConfig
                0x0000000008003038      0x500 ./Drivers/STM32F1xx_HAL_Driver/Src/stm32f1xx_hal_rcc.o
                0x0000000008003038                HAL_RCC_OscConfig
 .text.HAL_RCC_ClockConfig
                0x0000000008003538      0x1d4 ./Drivers/STM32F1xx_HAL_Driver/Src/stm32f1xx_hal_rcc.o
                0x0000000008003538                HAL_RCC_ClockConfig
 .text.HAL_RCC_GetSysClockFreq
                0x000000000800370c       0xc0 ./Drivers/STM32F1xx_HAL_Driver/Src/stm32f1xx_hal_rcc.o
                0x000000000800370c                HAL_RCC_GetSysClockFreq
 .text.HAL_RCC_GetHCLKFreq
                0x00000000080037cc       0x14 ./Drivers/STM32F1xx_HAL_Driver/Src/stm32f1xx_hal_rcc.o
                0x00000000080037cc                HAL_RCC_GetHCLKFreq
 .text.HAL_RCC_GetPCLK1Freq
                0x00000000080037e0       0x28 ./Drivers/STM32F1xx_HAL_Driver/Src/stm32f1xx_hal_rcc.o
                0x00000000080037e0                HAL_RCC_GetPCLK1Freq
 .text.HAL_RCC_GetPCLK2Freq
                0x0000000008003808       0x28 ./Drivers/STM32F1xx_HAL_Driver/Src/stm32f1xx_hal_rcc.o
                0x0000000008003808                HAL_RCC_GetPCLK2Freq
 .text.RCC_Delay
                0x0000000008003830       0x3c ./Drivers/STM32F1xx_HAL_Driver/Src/stm32f1xx_hal_rcc.o
 .text.HAL_SPI_Init
                0x000000000800386c      0x108 ./Drivers/STM32F1xx_HAL_Driver/Src/stm32f1xx_hal_spi.o
                0x000000000800386c                HAL_SPI_Init
 .text.HAL_SPI_Receive
                0x0000000008003974      0x222 ./Drivers/STM32F1xx_HAL_Driver/Src/stm32f1xx_hal_spi.o
                0x0000000008003974                HAL_SPI_Receive
 .text.HAL_SPI_TransmitReceive
                0x0000000008003b96      0x344 ./Drivers/STM32F1xx_HAL_Driver/Src/stm32f1xx_hal_spi.o
                0x0000000008003b96                HAL_SPI_TransmitReceive
 *fill*         0x0000000008003eda        0x2 
 .text.HAL_SPI_TransmitReceive_DMA
                0x0000000008003edc      0x204 ./Drivers/STM32F1xx_HAL_Driver/Src/stm32f1xx_hal_spi.o
                0x0000000008003edc                HAL_SPI_TransmitReceive_DMA
 .text.HAL_SPI_Abort
                0x00000000080040e0      0x1c8 ./Drivers/STM32F1xx_HAL_Driver/Src/stm32f1xx_hal_spi.o
                0x00000000080040e0                HAL_SPI_Abort
 .text.HAL_SPI_DMAStop
                0x00000000080042a8       0x7e ./Drivers/STM32F1xx_HAL_Driver/Src/stm32f1xx_hal_spi.o
                0x00000000080042a8                HAL_SPI_DMAStop
 *fill*         0x0000000008004326        0x2 
 .text.HAL_SPI_IRQHandler
                0x0000000008004328      0x1cc ./Drivers/STM32F1xx_HAL_Driver/Src/stm32f1xx_hal_spi.o
                0x0000000008004328                HAL_SPI_IRQHandler
 .text.HAL_SPI_RxCpltCallback
                0x00000000080044f4       0x12 ./Drivers/STM32F1xx_HAL_Driver/Src/stm32f1xx_hal_spi.o
                0x00000000080044f4                HAL_SPI_RxCpltCallback
 .text.HAL_SPI_RxHalfCpltCallback
                0x0000000008004506       0x12 ./Drivers/STM32F1xx_HAL_Driver/Src/stm32f1xx_hal_spi.o
                0x0000000008004506                HAL_SPI_RxHalfCpltCallback
 .text.HAL_SPI_TxRxHalfCpltCallback
                0x0000000008004518       0x12 ./Drivers/STM32F1xx_HAL_Driver/Src/stm32f1xx_hal_spi.o
                0x0000000008004518                HAL_SPI_TxRxHalfCpltCallback
 .text.HAL_SPI_ErrorCallback
                0x000000000800452a       0x12 ./Drivers/STM32F1xx_HAL_Driver/Src/stm32f1xx_hal_spi.o
                0x000000000800452a                HAL_SPI_ErrorCallback
 .text.SPI_DMAReceiveCplt
                0x000000000800453c       0xa6 ./Drivers/STM32F1xx_HAL_Driver/Src/stm32f1xx_hal_spi.o
 .text.SPI_DMATransmitReceiveCplt
                0x00000000080045e2       0x8e ./Drivers/STM32F1xx_HAL_Driver/Src/stm32f1xx_hal_spi.o
 .text.SPI_DMAHalfReceiveCplt
                0x0000000008004670       0x1c ./Drivers/STM32F1xx_HAL_Driver/Src/stm32f1xx_hal_spi.o
 .text.SPI_DMAHalfTransmitReceiveCplt
                0x000000000800468c       0x1c ./Drivers/STM32F1xx_HAL_Driver/Src/stm32f1xx_hal_spi.o
 .text.SPI_DMAError
                0x00000000080046a8       0x40 ./Drivers/STM32F1xx_HAL_Driver/Src/stm32f1xx_hal_spi.o
 .text.SPI_DMAAbortOnError
                0x00000000080046e8       0x28 ./Drivers/STM32F1xx_HAL_Driver/Src/stm32f1xx_hal_spi.o
 .text.SPI_WaitFlagStateUntilTimeout
                0x0000000008004710      0x110 ./Drivers/STM32F1xx_HAL_Driver/Src/stm32f1xx_hal_spi.o
 .text.SPI_EndRxTransaction
                0x0000000008004820       0xa4 ./Drivers/STM32F1xx_HAL_Driver/Src/stm32f1xx_hal_spi.o
 .text.SPI_EndRxTxTransaction
                0x00000000080048c4       0x3c ./Drivers/STM32F1xx_HAL_Driver/Src/stm32f1xx_hal_spi.o
 .text.SPI_AbortRx_ISR
                0x0000000008004900       0x84 ./Drivers/STM32F1xx_HAL_Driver/Src/stm32f1xx_hal_spi.o
 .text.SPI_AbortTx_ISR
                0x0000000008004984       0x3a ./Drivers/STM32F1xx_HAL_Driver/Src/stm32f1xx_hal_spi.o
 .text.HAL_UART_Init
                0x00000000080049be       0x9a ./Drivers/STM32F1xx_HAL_Driver/Src/stm32f1xx_hal_uart.o
                0x00000000080049be                HAL_UART_Init
 .text.HAL_UART_Transmit
                0x0000000008004a58      0x124 ./Drivers/STM32F1xx_HAL_Driver/Src/stm32f1xx_hal_uart.o
                0x0000000008004a58                HAL_UART_Transmit
 .text.UART_WaitOnFlagUntilTimeout
                0x0000000008004b7c       0x94 ./Drivers/STM32F1xx_HAL_Driver/Src/stm32f1xx_hal_uart.o
 .text.UART_SetConfig
                0x0000000008004c10      0x11c ./Drivers/STM32F1xx_HAL_Driver/Src/stm32f1xx_hal_uart.o
 .text.__errno  0x0000000008004d2c        0xc c:/st/stm32cubeide_1.7.0/stm32cubeide/plugins/com.st.stm32cube.ide.mcu.externaltools.gnu-tools-for-stm32.9-2020-q2-update.win32_2.0.0.202105311346/tools/bin/../lib/gcc/arm-none-eabi/9.3.1/../../../../arm-none-eabi/lib/thumb/v7-m/nofp\libc_nano.a(lib_a-errno.o)
                0x0000000008004d2c                __errno
 .text.__libc_init_array
                0x0000000008004d38       0x48 c:/st/stm32cubeide_1.7.0/stm32cubeide/plugins/com.st.stm32cube.ide.mcu.externaltools.gnu-tools-for-stm32.9-2020-q2-update.win32_2.0.0.202105311346/tools/bin/../lib/gcc/arm-none-eabi/9.3.1/../../../../arm-none-eabi/lib/thumb/v7-m/nofp\libc_nano.a(lib_a-init.o)
                0x0000000008004d38                __libc_init_array
 .text.memcpy   0x0000000008004d80       0x1c c:/st/stm32cubeide_1.7.0/stm32cubeide/plugins/com.st.stm32cube.ide.mcu.externaltools.gnu-tools-for-stm32.9-2020-q2-update.win32_2.0.0.202105311346/tools/bin/../lib/gcc/arm-none-eabi/9.3.1/../../../../arm-none-eabi/lib/thumb/v7-m/nofp\libc_nano.a(lib_a-memcpy-stub.o)
                0x0000000008004d80                memcpy
 .text.memmove  0x0000000008004d9c       0x34 c:/st/stm32cubeide_1.7.0/stm32cubeide/plugins/com.st.stm32cube.ide.mcu.externaltools.gnu-tools-for-stm32.9-2020-q2-update.win32_2.0.0.202105311346/tools/bin/../lib/gcc/arm-none-eabi/9.3.1/../../../../arm-none-eabi/lib/thumb/v7-m/nofp\libc_nano.a(lib_a-memmove.o)
                0x0000000008004d9c                memmove
 .text.memset   0x0000000008004dd0       0x10 c:/st/stm32cubeide_1.7.0/stm32cubeide/plugins/com.st.stm32cube.ide.mcu.externaltools.gnu-tools-for-stm32.9-2020-q2-update.win32_2.0.0.202105311346/tools/bin/../lib/gcc/arm-none-eabi/9.3.1/../../../../arm-none-eabi/lib/thumb/v7-m/nofp\libc_nano.a(lib_a-memset.o)
                0x0000000008004dd0                memset
 .text._free_r  0x0000000008004de0       0x98 c:/st/stm32cubeide_1.7.0/stm32cubeide/plugins/com.st.stm32cube.ide.mcu.externaltools.gnu-tools-for-stm32.9-2020-q2-update.win32_2.0.0.202105311346/tools/bin/../lib/gcc/arm-none-eabi/9.3.1/../../../../arm-none-eabi/lib/thumb/v7-m/nofp\libc_nano.a(lib_a-nano-freer.o)
                0x0000000008004de0                _free_r
 .text._malloc_r
                0x0000000008004e78       0xb4 c:/st/stm32cubeide_1.7.0/stm32cubeide/plugins/com.st.stm32cube.ide.mcu.externaltools.gnu-tools-for-stm32.9-2020-q2-update.win32_2.0.0.202105311346/tools/bin/../lib/gcc/arm-none-eabi/9.3.1/../../../../arm-none-eabi/lib/thumb/v7-m/nofp\libc_nano.a(lib_a-nano-mallocr.o)
                0x0000000008004e78                _malloc_r
 .text._sbrk_r  0x0000000008004f2c       0x20 c:/st/stm32cubeide_1.7.0/stm32cubeide/plugins/com.st.stm32cube.ide.mcu.externaltools.gnu-tools-for-stm32.9-2020-q2-update.win32_2.0.0.202105311346/tools/bin/../lib/gcc/arm-none-eabi/9.3.1/../../../../arm-none-eabi/lib/thumb/v7-m/nofp\libc_nano.a(lib_a-sbrkr.o)
                0x0000000008004f2c                _sbrk_r
 .text._vsprintf_r
                0x0000000008004f4c       0x2c c:/st/stm32cubeide_1.7.0/stm32cubeide/plugins/com.st.stm32cube.ide.mcu.externaltools.gnu-tools-for-stm32.9-2020-q2-update.win32_2.0.0.202105311346/tools/bin/../lib/gcc/arm-none-eabi/9.3.1/../../../../arm-none-eabi/lib/thumb/v7-m/nofp\libc_nano.a(lib_a-vsprintf.o)
                0x0000000008004f4c                _vsprintf_r
                0x0000000008004f4c                _vsiprintf_r
 .text.vsprintf
                0x0000000008004f78       0x14 c:/st/stm32cubeide_1.7.0/stm32cubeide/plugins/com.st.stm32cube.ide.mcu.externaltools.gnu-tools-for-stm32.9-2020-q2-update.win32_2.0.0.202105311346/tools/bin/../lib/gcc/arm-none-eabi/9.3.1/../../../../arm-none-eabi/lib/thumb/v7-m/nofp\libc_nano.a(lib_a-vsprintf.o)
                0x0000000008004f78                vsiprintf
                0x0000000008004f78                vsprintf
 .text.__malloc_lock
                0x0000000008004f8c        0xc c:/st/stm32cubeide_1.7.0/stm32cubeide/plugins/com.st.stm32cube.ide.mcu.externaltools.gnu-tools-for-stm32.9-2020-q2-update.win32_2.0.0.202105311346/tools/bin/../lib/gcc/arm-none-eabi/9.3.1/../../../../arm-none-eabi/lib/thumb/v7-m/nofp\libc_nano.a(lib_a-mlock.o)
                0x0000000008004f8c                __malloc_lock
 .text.__malloc_unlock
                0x0000000008004f98        0xc c:/st/stm32cubeide_1.7.0/stm32cubeide/plugins/com.st.stm32cube.ide.mcu.externaltools.gnu-tools-for-stm32.9-2020-q2-update.win32_2.0.0.202105311346/tools/bin/../lib/gcc/arm-none-eabi/9.3.1/../../../../arm-none-eabi/lib/thumb/v7-m/nofp\libc_nano.a(lib_a-mlock.o)
                0x0000000008004f98                __malloc_unlock
 .text.__ssputs_r
                0x0000000008004fa4       0xb6 c:/st/stm32cubeide_1.7.0/stm32cubeide/plugins/com.st.stm32cube.ide.mcu.externaltools.gnu-tools-for-stm32.9-2020-q2-update.win32_2.0.0.202105311346/tools/bin/../lib/gcc/arm-none-eabi/9.3.1/../../../../arm-none-eabi/lib/thumb/v7-m/nofp\libc_nano.a(lib_a-nano-svfprintf.o)
                0x0000000008004fa4                __ssputs_r
 *fill*         0x000000000800505a        0x2 
 .text._svfprintf_r
                0x000000000800505c      0x200 c:/st/stm32cubeide_1.7.0/stm32cubeide/plugins/com.st.stm32cube.ide.mcu.externaltools.gnu-tools-for-stm32.9-2020-q2-update.win32_2.0.0.202105311346/tools/bin/../lib/gcc/arm-none-eabi/9.3.1/../../../../arm-none-eabi/lib/thumb/v7-m/nofp\libc_nano.a(lib_a-nano-svfprintf.o)
                0x000000000800505c                _svfiprintf_r
                0x000000000800505c                _svfprintf_r
 .text._printf_common
                0x000000000800525c       0xde c:/st/stm32cubeide_1.7.0/stm32cubeide/plugins/com.st.stm32cube.ide.mcu.externaltools.gnu-tools-for-stm32.9-2020-q2-update.win32_2.0.0.202105311346/tools/bin/../lib/gcc/arm-none-eabi/9.3.1/../../../../arm-none-eabi/lib/thumb/v7-m/nofp\libc_nano.a(lib_a-nano-vfprintf_i.o)
                0x000000000800525c                _printf_common
 *fill*         0x000000000800533a        0x2 
 .text._printf_i
                0x000000000800533c      0x24c c:/st/stm32cubeide_1.7.0/stm32cubeide/plugins/com.st.stm32cube.ide.mcu.externaltools.gnu-tools-for-stm32.9-2020-q2-update.win32_2.0.0.202105311346/tools/bin/../lib/gcc/arm-none-eabi/9.3.1/../../../../arm-none-eabi/lib/thumb/v7-m/nofp\libc_nano.a(lib_a-nano-vfprintf_i.o)
                0x000000000800533c                _printf_i
 .text.__retarget_lock_acquire_recursive
                0x0000000008005588        0x2 c:/st/stm32cubeide_1.7.0/stm32cubeide/plugins/com.st.stm32cube.ide.mcu.externaltools.gnu-tools-for-stm32.9-2020-q2-update.win32_2.0.0.202105311346/tools/bin/../lib/gcc/arm-none-eabi/9.3.1/../../../../arm-none-eabi/lib/thumb/v7-m/nofp\libc_nano.a(lib_a-lock.o)
                0x0000000008005588                __retarget_lock_acquire_recursive
 .text.__retarget_lock_release_recursive
                0x000000000800558a        0x2 c:/st/stm32cubeide_1.7.0/stm32cubeide/plugins/com.st.stm32cube.ide.mcu.externaltools.gnu-tools-for-stm32.9-2020-q2-update.win32_2.0.0.202105311346/tools/bin/../lib/gcc/arm-none-eabi/9.3.1/../../../../arm-none-eabi/lib/thumb/v7-m/nofp\libc_nano.a(lib_a-lock.o)
                0x000000000800558a                __retarget_lock_release_recursive
 .text.memchr   0x000000000800558c       0x1c c:/st/stm32cubeide_1.7.0/stm32cubeide/plugins/com.st.stm32cube.ide.mcu.externaltools.gnu-tools-for-stm32.9-2020-q2-update.win32_2.0.0.202105311346/tools/bin/../lib/gcc/arm-none-eabi/9.3.1/../../../../arm-none-eabi/lib/thumb/v7-m/nofp\libc_nano.a(lib_a-memchr-stub.o)
                0x000000000800558c                memchr
 .text._realloc_r
                0x00000000080055a8       0x4c c:/st/stm32cubeide_1.7.0/stm32cubeide/plugins/com.st.stm32cube.ide.mcu.externaltools.gnu-tools-for-stm32.9-2020-q2-update.win32_2.0.0.202105311346/tools/bin/../lib/gcc/arm-none-eabi/9.3.1/../../../../arm-none-eabi/lib/thumb/v7-m/nofp\libc_nano.a(lib_a-nano-reallocr.o)
                0x00000000080055a8                _realloc_r
 .text._malloc_usable_size_r
                0x00000000080055f4       0x10 c:/st/stm32cubeide_1.7.0/stm32cubeide/plugins/com.st.stm32cube.ide.mcu.externaltools.gnu-tools-for-stm32.9-2020-q2-update.win32_2.0.0.202105311346/tools/bin/../lib/gcc/arm-none-eabi/9.3.1/../../../../arm-none-eabi/lib/thumb/v7-m/nofp\libc_nano.a(lib_a-nano-msizer.o)
                0x00000000080055f4                _malloc_usable_size_r
 *(.glue_7)
 .glue_7        0x0000000008005604        0x0 linker stubs
 *(.glue_7t)
 .glue_7t       0x0000000008005604        0x0 linker stubs
 *(.eh_frame)
 .eh_frame      0x0000000008005604        0x0 c:/st/stm32cubeide_1.7.0/stm32cubeide/plugins/com.st.stm32cube.ide.mcu.externaltools.gnu-tools-for-stm32.9-2020-q2-update.win32_2.0.0.202105311346/tools/bin/../lib/gcc/arm-none-eabi/9.3.1/thumb/v7-m/nofp/crtbegin.o
 *(.init)
 .init          0x0000000008005604        0x4 c:/st/stm32cubeide_1.7.0/stm32cubeide/plugins/com.st.stm32cube.ide.mcu.externaltools.gnu-tools-for-stm32.9-2020-q2-update.win32_2.0.0.202105311346/tools/bin/../lib/gcc/arm-none-eabi/9.3.1/thumb/v7-m/nofp/crti.o
                0x0000000008005604                _init
 .init          0x0000000008005608        0x8 c:/st/stm32cubeide_1.7.0/stm32cubeide/plugins/com.st.stm32cube.ide.mcu.externaltools.gnu-tools-for-stm32.9-2020-q2-update.win32_2.0.0.202105311346/tools/bin/../lib/gcc/arm-none-eabi/9.3.1/thumb/v7-m/nofp/crtn.o
 *(.fini)
 .fini          0x0000000008005610        0x4 c:/st/stm32cubeide_1.7.0/stm32cubeide/plugins/com.st.stm32cube.ide.mcu.externaltools.gnu-tools-for-stm32.9-2020-q2-update.win32_2.0.0.202105311346/tools/bin/../lib/gcc/arm-none-eabi/9.3.1/thumb/v7-m/nofp/crti.o
                0x0000000008005610                _fini
 .fini          0x0000000008005614        0x8 c:/st/stm32cubeide_1.7.0/stm32cubeide/plugins/com.st.stm32cube.ide.mcu.externaltools.gnu-tools-for-stm32.9-2020-q2-update.win32_2.0.0.202105311346/tools/bin/../lib/gcc/arm-none-eabi/9.3.1/thumb/v7-m/nofp/crtn.o
                0x000000000800561c                . = ALIGN (0x4)
                0x000000000800561c                _etext = .

.vfp11_veneer   0x000000000800561c        0x0
 .vfp11_veneer  0x000000000800561c        0x0 linker stubs

.v4_bx          0x000000000800561c        0x0
 .v4_bx         0x000000000800561c        0x0 linker stubs

.iplt           0x000000000800561c        0x0
 .iplt          0x000000000800561c        0x0 c:/st/stm32cubeide_1.7.0/stm32cubeide/plugins/com.st.stm32cube.ide.mcu.externaltools.gnu-tools-for-stm32.9-2020-q2-update.win32_2.0.0.202105311346/tools/bin/../lib/gcc/arm-none-eabi/9.3.1/thumb/v7-m/nofp/crtbegin.o

.rodata         0x000000000800561c      0x144
                0x000000000800561c                . = ALIGN (0x4)
 *(.rodata)
 .rodata        0x000000000800561c       0x6f ./Core/Src/main.o
 *fill*         0x000000000800568b        0x1 
 .rodata        0x000000000800568c        0xe ./Core/Src/spi.o
 *fill*         0x000000000800569a        0x2 
 .rodata        0x000000000800569c        0x5 ./Core/Src/ssi.o
 *fill*         0x00000000080056a1        0x3 
 .rodata        0x00000000080056a4        0x3 ./Core/Src/stm32f1xx_it.o
 *fill*         0x00000000080056a7        0x1 
 .rodata        0x00000000080056a8        0x3 ./Core/Src/usart.o
 *fill*         0x00000000080056ab        0x1 
 .rodata        0x00000000080056ac       0x10 ./Drivers/STM32F1xx_HAL_Driver/Src/stm32f1xx_hal_rcc.o
 *(.rodata*)
 .rodata.__func__.8135
                0x00000000080056bc       0x19 ./Core/Src/main.o
 *fill*         0x00000000080056d5        0x3 
 .rodata.__func__.8139
                0x00000000080056d8        0xe ./Core/Src/main.o
 *fill*         0x00000000080056e6        0x2 
 .rodata.__func__.8025
                0x00000000080056e8       0x17 ./Core/Src/spi.o
 *fill*         0x00000000080056ff        0x1 
 .rodata.__func__.7994
                0x0000000008005700       0x12 ./Core/Src/stm32f1xx_it.o
 *fill*         0x0000000008005712        0x2 
 .rodata.AHBPrescTable
                0x0000000008005714       0x10 ./Core/Src/system_stm32f1xx.o
                0x0000000008005714                AHBPrescTable
 .rodata.APBPrescTable
                0x0000000008005724        0x8 ./Core/Src/system_stm32f1xx.o
                0x0000000008005724                APBPrescTable
 .rodata._svfprintf_r.str1.1
                0x000000000800572c       0x11 c:/st/stm32cubeide_1.7.0/stm32cubeide/plugins/com.st.stm32cube.ide.mcu.externaltools.gnu-tools-for-stm32.9-2020-q2-update.win32_2.0.0.202105311346/tools/bin/../lib/gcc/arm-none-eabi/9.3.1/../../../../arm-none-eabi/lib/thumb/v7-m/nofp\libc_nano.a(lib_a-nano-svfprintf.o)
 .rodata._printf_i.str1.1
                0x000000000800573d       0x22 c:/st/stm32cubeide_1.7.0/stm32cubeide/plugins/com.st.stm32cube.ide.mcu.externaltools.gnu-tools-for-stm32.9-2020-q2-update.win32_2.0.0.202105311346/tools/bin/../lib/gcc/arm-none-eabi/9.3.1/../../../../arm-none-eabi/lib/thumb/v7-m/nofp\libc_nano.a(lib_a-nano-vfprintf_i.o)
                0x0000000008005760                . = ALIGN (0x4)
 *fill*         0x000000000800575f        0x1 

.rel.dyn        0x0000000008005760        0x0
 .rel.iplt      0x0000000008005760        0x0 c:/st/stm32cubeide_1.7.0/stm32cubeide/plugins/com.st.stm32cube.ide.mcu.externaltools.gnu-tools-for-stm32.9-2020-q2-update.win32_2.0.0.202105311346/tools/bin/../lib/gcc/arm-none-eabi/9.3.1/thumb/v7-m/nofp/crtbegin.o

.ARM.extab      0x0000000008005760        0x0
                0x0000000008005760                . = ALIGN (0x4)
 *(.ARM.extab* .gnu.linkonce.armextab.*)
                0x0000000008005760                . = ALIGN (0x4)

.ARM            0x0000000008005760        0x0
                0x0000000008005760                . = ALIGN (0x4)
                0x0000000008005760                __exidx_start = .
 *(.ARM.exidx*)
                0x0000000008005760                __exidx_end = .
                0x0000000008005760                . = ALIGN (0x4)

.preinit_array  0x0000000008005760        0x0
                0x0000000008005760                . = ALIGN (0x4)
                0x0000000008005760                PROVIDE (__preinit_array_start = .)
 *(.preinit_array*)
                0x0000000008005760                PROVIDE (__preinit_array_end = .)
                0x0000000008005760                . = ALIGN (0x4)

.init_array     0x0000000008005760        0x4
                0x0000000008005760                . = ALIGN (0x4)
                0x0000000008005760                PROVIDE (__init_array_start = .)
 *(SORT_BY_NAME(.init_array.*))
 *(.init_array*)
 .init_array    0x0000000008005760        0x4 c:/st/stm32cubeide_1.7.0/stm32cubeide/plugins/com.st.stm32cube.ide.mcu.externaltools.gnu-tools-for-stm32.9-2020-q2-update.win32_2.0.0.202105311346/tools/bin/../lib/gcc/arm-none-eabi/9.3.1/thumb/v7-m/nofp/crtbegin.o
                0x0000000008005764                PROVIDE (__init_array_end = .)
                0x0000000008005764                . = ALIGN (0x4)

.fini_array     0x0000000008005764        0x4
                0x0000000008005764                . = ALIGN (0x4)
                [!provide]                        PROVIDE (__fini_array_start = .)
 *(SORT_BY_NAME(.fini_array.*))
 *(.fini_array*)
 .fini_array    0x0000000008005764        0x4 c:/st/stm32cubeide_1.7.0/stm32cubeide/plugins/com.st.stm32cube.ide.mcu.externaltools.gnu-tools-for-stm32.9-2020-q2-update.win32_2.0.0.202105311346/tools/bin/../lib/gcc/arm-none-eabi/9.3.1/thumb/v7-m/nofp/crtbegin.o
                [!provide]                        PROVIDE (__fini_array_end = .)
                0x0000000008005768                . = ALIGN (0x4)
                0x0000000008005768                _sidata = LOADADDR (.data)

.data           0x0000000020000000       0x74 load address 0x0000000008005768
                0x0000000020000000                . = ALIGN (0x4)
                0x0000000020000000                _sdata = .
 *(.data)
 *(.data*)
 .data.prevDMA  0x0000000020000000        0x2 ./Core/Src/main.o
                0x0000000020000000                prevDMA
 .data.prevDMACnt
                0x0000000020000002        0x2 ./Core/Src/rt_bus_proto.o
                0x0000000020000002                prevDMACnt
 .data.SystemCoreClock
                0x0000000020000004        0x4 ./Core/Src/system_stm32f1xx.o
                0x0000000020000004                SystemCoreClock
 .data.uwTickPrio
                0x0000000020000008        0x4 ./Drivers/STM32F1xx_HAL_Driver/Src/stm32f1xx_hal.o
                0x0000000020000008                uwTickPrio
 .data.uwTickFreq
                0x000000002000000c        0x1 ./Drivers/STM32F1xx_HAL_Driver/Src/stm32f1xx_hal.o
                0x000000002000000c                uwTickFreq
 *fill*         0x000000002000000d        0x3 
 .data._impure_ptr
                0x0000000020000010        0x4 c:/st/stm32cubeide_1.7.0/stm32cubeide/plugins/com.st.stm32cube.ide.mcu.externaltools.gnu-tools-for-stm32.9-2020-q2-update.win32_2.0.0.202105311346/tools/bin/../lib/gcc/arm-none-eabi/9.3.1/../../../../arm-none-eabi/lib/thumb/v7-m/nofp\libc_nano.a(lib_a-impure.o)
                0x0000000020000010                _impure_ptr
 .data.impure_data
                0x0000000020000014       0x60 c:/st/stm32cubeide_1.7.0/stm32cubeide/plugins/com.st.stm32cube.ide.mcu.externaltools.gnu-tools-for-stm32.9-2020-q2-update.win32_2.0.0.202105311346/tools/bin/../lib/gcc/arm-none-eabi/9.3.1/../../../../arm-none-eabi/lib/thumb/v7-m/nofp\libc_nano.a(lib_a-impure.o)
                0x0000000020000074                . = ALIGN (0x4)
                0x0000000020000074                _edata = .

.igot.plt       0x0000000020000074        0x0 load address 0x00000000080057dc
 .igot.plt      0x0000000020000074        0x0 c:/st/stm32cubeide_1.7.0/stm32cubeide/plugins/com.st.stm32cube.ide.mcu.externaltools.gnu-tools-for-stm32.9-2020-q2-update.win32_2.0.0.202105311346/tools/bin/../lib/gcc/arm-none-eabi/9.3.1/thumb/v7-m/nofp/crtbegin.o
                0x0000000020000074                . = ALIGN (0x4)

.bss            0x0000000020000074     0x2be4 load address 0x00000000080057dc
                0x0000000020000074                _sbss = .
                0x0000000020000074                __bss_start__ = _sbss
 *(.bss)
 .bss           0x0000000020000074       0x1c c:/st/stm32cubeide_1.7.0/stm32cubeide/plugins/com.st.stm32cube.ide.mcu.externaltools.gnu-tools-for-stm32.9-2020-q2-update.win32_2.0.0.202105311346/tools/bin/../lib/gcc/arm-none-eabi/9.3.1/thumb/v7-m/nofp/crtbegin.o
 *(.bss*)
 .bss.SH1107_Buffer
                0x0000000020000090      0x400 ./Core/Src/SH1107/sh1107.o
 .bss.SH1107    0x0000000020000490        0x6 ./Core/Src/SH1107/sh1107.o
 .bss.g_comms_mode
                0x0000000020000496        0x1 ./Core/Src/main.o
                0x0000000020000496                g_comms_mode
 *fill*         0x0000000020000497        0x1 
 .bss.rxFrameSize
                0x0000000020000498        0x4 ./Core/Src/rt_bus_proto.o
                0x0000000020000498                rxFrameSize
 .bss.count     0x000000002000049c        0x4 ./Core/Src/ssi.o
                0x000000002000049c                count
 .bss.heap_end.5222
                0x00000000200004a0        0x4 ./Core/Src/sysmem.o
 .bss.__malloc_free_list
                0x00000000200004a4        0x4 c:/st/stm32cubeide_1.7.0/stm32cubeide/plugins/com.st.stm32cube.ide.mcu.externaltools.gnu-tools-for-stm32.9-2020-q2-update.win32_2.0.0.202105311346/tools/bin/../lib/gcc/arm-none-eabi/9.3.1/../../../../arm-none-eabi/lib/thumb/v7-m/nofp\libc_nano.a(lib_a-nano-mallocr.o)
                0x00000000200004a4                __malloc_free_list
 .bss.__malloc_sbrk_start
                0x00000000200004a8        0x4 c:/st/stm32cubeide_1.7.0/stm32cubeide/plugins/com.st.stm32cube.ide.mcu.externaltools.gnu-tools-for-stm32.9-2020-q2-update.win32_2.0.0.202105311346/tools/bin/../lib/gcc/arm-none-eabi/9.3.1/../../../../arm-none-eabi/lib/thumb/v7-m/nofp\libc_nano.a(lib_a-nano-mallocr.o)
                0x00000000200004a8                __malloc_sbrk_start
 *(COMMON)
 COMMON         0x00000000200004ac       0x54 ./Core/Src/i2c.o
                0x00000000200004ac                hi2c1
 COMMON         0x0000000020000500       0x20 ./Core/Src/io.o
                0x0000000020000500                g_PDO
                0x0000000020000508                prev_PDO
                0x0000000020000510                g_PDI
                0x0000000020000518                prev_PDI
 COMMON         0x0000000020000520     0x250f ./Core/Src/rt_bus_proto.o
                0x0000000020000520                gSPI_Tx_Buf
                0x0000000020000d20                flashBuffer
                0x0000000020001130                rxBuffer
                0x0000000020001930                txBuffer
                0x0000000020002130                gSPI_Rx_Buf
                0x0000000020002930                str
 *fill*         0x0000000020002a2f        0x1 
 COMMON         0x0000000020002a30      0x190 ./Core/Src/spi.o
                0x0000000020002a30                hspi2
                0x0000000020002a88                hspi3
                0x0000000020002ae0                hspi1
                0x0000000020002b38                hdma_spi1_rx
                0x0000000020002b7c                hdma_spi1_tx
 COMMON         0x0000000020002bc0       0x84 ./Core/Src/usart.o
                0x0000000020002bc0                hdma_usart1_tx
                0x0000000020002c04                huart1
 COMMON         0x0000000020002c44        0x4 ./Drivers/STM32F1xx_HAL_Driver/Src/stm32f1xx_hal.o
                0x0000000020002c44                uwTick
 COMMON         0x0000000020002c48        0x4 c:/st/stm32cubeide_1.7.0/stm32cubeide/plugins/com.st.stm32cube.ide.mcu.externaltools.gnu-tools-for-stm32.9-2020-q2-update.win32_2.0.0.202105311346/tools/bin/../lib/gcc/arm-none-eabi/9.3.1/../../../../arm-none-eabi/lib/thumb/v7-m/nofp\libc_nano.a(lib_a-reent.o)
                0x0000000020002c48                errno
 COMMON         0x0000000020002c4c        0x9 c:/st/stm32cubeide_1.7.0/stm32cubeide/plugins/com.st.stm32cube.ide.mcu.externaltools.gnu-tools-for-stm32.9-2020-q2-update.win32_2.0.0.202105311346/tools/bin/../lib/gcc/arm-none-eabi/9.3.1/../../../../arm-none-eabi/lib/thumb/v7-m/nofp\libc_nano.a(lib_a-lock.o)
                0x0000000020002c4c                __lock___atexit_recursive_mutex
                0x0000000020002c4d                __lock___arc4random_mutex
                0x0000000020002c4e                __lock___env_recursive_mutex
                0x0000000020002c4f                __lock___sinit_recursive_mutex
                0x0000000020002c50                __lock___malloc_recursive_mutex
                0x0000000020002c51                __lock___at_quick_exit_mutex
                0x0000000020002c52                __lock___dd_hash_mutex
                0x0000000020002c53                __lock___tz_mutex
                0x0000000020002c54                __lock___sfp_recursive_mutex
                0x0000000020002c58                . = ALIGN (0x4)
 *fill*         0x0000000020002c55        0x3 
                0x0000000020002c58                _ebss = .
                0x0000000020002c58                __bss_end__ = _ebss

._user_heap_stack
                0x0000000020002c58      0x600 load address 0x00000000080057dc
                0x0000000020002c58                . = ALIGN (0x8)
                0x0000000020002c58                PROVIDE (end = .)
                [!provide]                        PROVIDE (_end = .)
                0x0000000020002e58                . = (. + _Min_Heap_Size)
 *fill*         0x0000000020002c58      0x200 
                0x0000000020003258                . = (. + _Min_Stack_Size)
 *fill*         0x0000000020002e58      0x400 
                0x0000000020003258                . = ALIGN (0x8)

/DISCARD/
 libc.a(*)
 libm.a(*)
 libgcc.a(*)

.ARM.attributes
                0x0000000000000000       0x29
 *(.ARM.attributes)
 .ARM.attributes
                0x0000000000000000       0x1d c:/st/stm32cubeide_1.7.0/stm32cubeide/plugins/com.st.stm32cube.ide.mcu.externaltools.gnu-tools-for-stm32.9-2020-q2-update.win32_2.0.0.202105311346/tools/bin/../lib/gcc/arm-none-eabi/9.3.1/thumb/v7-m/nofp/crti.o
 .ARM.attributes
                0x000000000000001d       0x2d c:/st/stm32cubeide_1.7.0/stm32cubeide/plugins/com.st.stm32cube.ide.mcu.externaltools.gnu-tools-for-stm32.9-2020-q2-update.win32_2.0.0.202105311346/tools/bin/../lib/gcc/arm-none-eabi/9.3.1/thumb/v7-m/nofp/crtbegin.o
 .ARM.attributes
                0x000000000000004a       0x2d ./Core/Src/LED_DRV_LP55231/led_drv_lp55231.o
 .ARM.attributes
                0x0000000000000077       0x2d ./Core/Src/SH1107/sh1107.o
 .ARM.attributes
                0x00000000000000a4       0x2d ./Core/Src/ad529x.o
 .ARM.attributes
                0x00000000000000d1       0x2d ./Core/Src/dma.o
 .ARM.attributes
                0x00000000000000fe       0x2d ./Core/Src/gpio.o
 .ARM.attributes
                0x000000000000012b       0x2d ./Core/Src/i2c.o
 .ARM.attributes
                0x0000000000000158       0x2d ./Core/Src/io.o
 .ARM.attributes
                0x0000000000000185       0x2d ./Core/Src/main.o
 .ARM.attributes
                0x00000000000001b2       0x2d ./Core/Src/rt_bus_proto.o
 .ARM.attributes
                0x00000000000001df       0x2d ./Core/Src/spi.o
 .ARM.attributes
                0x000000000000020c       0x2d ./Core/Src/ssi.o
 .ARM.attributes
                0x0000000000000239       0x2d ./Core/Src/stm32f1xx_hal_msp.o
 .ARM.attributes
                0x0000000000000266       0x2d ./Core/Src/stm32f1xx_it.o
 .ARM.attributes
                0x0000000000000293       0x2d ./Core/Src/sysmem.o
 .ARM.attributes
                0x00000000000002c0       0x2d ./Core/Src/system_stm32f1xx.o
 .ARM.attributes
                0x00000000000002ed       0x2d ./Core/Src/usart.o
 .ARM.attributes
                0x000000000000031a       0x21 ./Core/Startup/startup_stm32f103rctx.o
 .ARM.attributes
                0x000000000000033b       0x2d ./Drivers/STM32F1xx_HAL_Driver/Src/stm32f1xx_hal.o
 .ARM.attributes
                0x0000000000000368       0x2d ./Drivers/STM32F1xx_HAL_Driver/Src/stm32f1xx_hal_cortex.o
 .ARM.attributes
                0x0000000000000395       0x2d ./Drivers/STM32F1xx_HAL_Driver/Src/stm32f1xx_hal_dma.o
 .ARM.attributes
                0x00000000000003c2       0x2d ./Drivers/STM32F1xx_HAL_Driver/Src/stm32f1xx_hal_gpio.o
 .ARM.attributes
                0x00000000000003ef       0x2d ./Drivers/STM32F1xx_HAL_Driver/Src/stm32f1xx_hal_i2c.o
 .ARM.attributes
                0x000000000000041c       0x2d ./Drivers/STM32F1xx_HAL_Driver/Src/stm32f1xx_hal_rcc.o
 .ARM.attributes
                0x0000000000000449       0x2d ./Drivers/STM32F1xx_HAL_Driver/Src/stm32f1xx_hal_spi.o
 .ARM.attributes
                0x0000000000000476       0x2d ./Drivers/STM32F1xx_HAL_Driver/Src/stm32f1xx_hal_uart.o
 .ARM.attributes
                0x00000000000004a3       0x2d c:/st/stm32cubeide_1.7.0/stm32cubeide/plugins/com.st.stm32cube.ide.mcu.externaltools.gnu-tools-for-stm32.9-2020-q2-update.win32_2.0.0.202105311346/tools/bin/../lib/gcc/arm-none-eabi/9.3.1/../../../../arm-none-eabi/lib/thumb/v7-m/nofp\libc_nano.a(lib_a-errno.o)
 .ARM.attributes
                0x00000000000004d0       0x2d c:/st/stm32cubeide_1.7.0/stm32cubeide/plugins/com.st.stm32cube.ide.mcu.externaltools.gnu-tools-for-stm32.9-2020-q2-update.win32_2.0.0.202105311346/tools/bin/../lib/gcc/arm-none-eabi/9.3.1/../../../../arm-none-eabi/lib/thumb/v7-m/nofp\libc_nano.a(lib_a-impure.o)
 .ARM.attributes
                0x00000000000004fd       0x2d c:/st/stm32cubeide_1.7.0/stm32cubeide/plugins/com.st.stm32cube.ide.mcu.externaltools.gnu-tools-for-stm32.9-2020-q2-update.win32_2.0.0.202105311346/tools/bin/../lib/gcc/arm-none-eabi/9.3.1/../../../../arm-none-eabi/lib/thumb/v7-m/nofp\libc_nano.a(lib_a-init.o)
 .ARM.attributes
                0x000000000000052a       0x2d c:/st/stm32cubeide_1.7.0/stm32cubeide/plugins/com.st.stm32cube.ide.mcu.externaltools.gnu-tools-for-stm32.9-2020-q2-update.win32_2.0.0.202105311346/tools/bin/../lib/gcc/arm-none-eabi/9.3.1/../../../../arm-none-eabi/lib/thumb/v7-m/nofp\libc_nano.a(lib_a-memcpy-stub.o)
 .ARM.attributes
                0x0000000000000557       0x2d c:/st/stm32cubeide_1.7.0/stm32cubeide/plugins/com.st.stm32cube.ide.mcu.externaltools.gnu-tools-for-stm32.9-2020-q2-update.win32_2.0.0.202105311346/tools/bin/../lib/gcc/arm-none-eabi/9.3.1/../../../../arm-none-eabi/lib/thumb/v7-m/nofp\libc_nano.a(lib_a-memmove.o)
 .ARM.attributes
                0x0000000000000584       0x2d c:/st/stm32cubeide_1.7.0/stm32cubeide/plugins/com.st.stm32cube.ide.mcu.externaltools.gnu-tools-for-stm32.9-2020-q2-update.win32_2.0.0.202105311346/tools/bin/../lib/gcc/arm-none-eabi/9.3.1/../../../../arm-none-eabi/lib/thumb/v7-m/nofp\libc_nano.a(lib_a-memset.o)
 .ARM.attributes
                0x00000000000005b1       0x2d c:/st/stm32cubeide_1.7.0/stm32cubeide/plugins/com.st.stm32cube.ide.mcu.externaltools.gnu-tools-for-stm32.9-2020-q2-update.win32_2.0.0.202105311346/tools/bin/../lib/gcc/arm-none-eabi/9.3.1/../../../../arm-none-eabi/lib/thumb/v7-m/nofp\libc_nano.a(lib_a-nano-freer.o)
 .ARM.attributes
                0x00000000000005de       0x2d c:/st/stm32cubeide_1.7.0/stm32cubeide/plugins/com.st.stm32cube.ide.mcu.externaltools.gnu-tools-for-stm32.9-2020-q2-update.win32_2.0.0.202105311346/tools/bin/../lib/gcc/arm-none-eabi/9.3.1/../../../../arm-none-eabi/lib/thumb/v7-m/nofp\libc_nano.a(lib_a-nano-mallocr.o)
 .ARM.attributes
                0x000000000000060b       0x2d c:/st/stm32cubeide_1.7.0/stm32cubeide/plugins/com.st.stm32cube.ide.mcu.externaltools.gnu-tools-for-stm32.9-2020-q2-update.win32_2.0.0.202105311346/tools/bin/../lib/gcc/arm-none-eabi/9.3.1/../../../../arm-none-eabi/lib/thumb/v7-m/nofp\libc_nano.a(lib_a-sbrkr.o)
 .ARM.attributes
                0x0000000000000638       0x17 c:/st/stm32cubeide_1.7.0/stm32cubeide/plugins/com.st.stm32cube.ide.mcu.externaltools.gnu-tools-for-stm32.9-2020-q2-update.win32_2.0.0.202105311346/tools/bin/../lib/gcc/arm-none-eabi/9.3.1/../../../../arm-none-eabi/lib/thumb/v7-m/nofp\libc_nano.a(lib_a-strlen.o)
 .ARM.attributes
                0x000000000000064f       0x2d c:/st/stm32cubeide_1.7.0/stm32cubeide/plugins/com.st.stm32cube.ide.mcu.externaltools.gnu-tools-for-stm32.9-2020-q2-update.win32_2.0.0.202105311346/tools/bin/../lib/gcc/arm-none-eabi/9.3.1/../../../../arm-none-eabi/lib/thumb/v7-m/nofp\libc_nano.a(lib_a-vsprintf.o)
 .ARM.attributes
                0x000000000000067c       0x2d c:/st/stm32cubeide_1.7.0/stm32cubeide/plugins/com.st.stm32cube.ide.mcu.externaltools.gnu-tools-for-stm32.9-2020-q2-update.win32_2.0.0.202105311346/tools/bin/../lib/gcc/arm-none-eabi/9.3.1/../../../../arm-none-eabi/lib/thumb/v7-m/nofp\libc_nano.a(lib_a-mlock.o)
 .ARM.attributes
                0x00000000000006a9       0x2d c:/st/stm32cubeide_1.7.0/stm32cubeide/plugins/com.st.stm32cube.ide.mcu.externaltools.gnu-tools-for-stm32.9-2020-q2-update.win32_2.0.0.202105311346/tools/bin/../lib/gcc/arm-none-eabi/9.3.1/../../../../arm-none-eabi/lib/thumb/v7-m/nofp\libc_nano.a(lib_a-nano-svfprintf.o)
 .ARM.attributes
                0x00000000000006d6       0x2d c:/st/stm32cubeide_1.7.0/stm32cubeide/plugins/com.st.stm32cube.ide.mcu.externaltools.gnu-tools-for-stm32.9-2020-q2-update.win32_2.0.0.202105311346/tools/bin/../lib/gcc/arm-none-eabi/9.3.1/../../../../arm-none-eabi/lib/thumb/v7-m/nofp\libc_nano.a(lib_a-nano-vfprintf_i.o)
 .ARM.attributes
                0x0000000000000703       0x2d c:/st/stm32cubeide_1.7.0/stm32cubeide/plugins/com.st.stm32cube.ide.mcu.externaltools.gnu-tools-for-stm32.9-2020-q2-update.win32_2.0.0.202105311346/tools/bin/../lib/gcc/arm-none-eabi/9.3.1/../../../../arm-none-eabi/lib/thumb/v7-m/nofp\libc_nano.a(lib_a-reent.o)
 .ARM.attributes
                0x0000000000000730       0x2d c:/st/stm32cubeide_1.7.0/stm32cubeide/plugins/com.st.stm32cube.ide.mcu.externaltools.gnu-tools-for-stm32.9-2020-q2-update.win32_2.0.0.202105311346/tools/bin/../lib/gcc/arm-none-eabi/9.3.1/../../../../arm-none-eabi/lib/thumb/v7-m/nofp\libc_nano.a(lib_a-lock.o)
 .ARM.attributes
                0x000000000000075d       0x2d c:/st/stm32cubeide_1.7.0/stm32cubeide/plugins/com.st.stm32cube.ide.mcu.externaltools.gnu-tools-for-stm32.9-2020-q2-update.win32_2.0.0.202105311346/tools/bin/../lib/gcc/arm-none-eabi/9.3.1/../../../../arm-none-eabi/lib/thumb/v7-m/nofp\libc_nano.a(lib_a-memchr-stub.o)
 .ARM.attributes
                0x000000000000078a       0x2d c:/st/stm32cubeide_1.7.0/stm32cubeide/plugins/com.st.stm32cube.ide.mcu.externaltools.gnu-tools-for-stm32.9-2020-q2-update.win32_2.0.0.202105311346/tools/bin/../lib/gcc/arm-none-eabi/9.3.1/../../../../arm-none-eabi/lib/thumb/v7-m/nofp\libc_nano.a(lib_a-nano-reallocr.o)
 .ARM.attributes
                0x00000000000007b7       0x2d c:/st/stm32cubeide_1.7.0/stm32cubeide/plugins/com.st.stm32cube.ide.mcu.externaltools.gnu-tools-for-stm32.9-2020-q2-update.win32_2.0.0.202105311346/tools/bin/../lib/gcc/arm-none-eabi/9.3.1/../../../../arm-none-eabi/lib/thumb/v7-m/nofp\libc_nano.a(lib_a-nano-msizer.o)
 .ARM.attributes
                0x00000000000007e4       0x1d c:/st/stm32cubeide_1.7.0/stm32cubeide/plugins/com.st.stm32cube.ide.mcu.externaltools.gnu-tools-for-stm32.9-2020-q2-update.win32_2.0.0.202105311346/tools/bin/../lib/gcc/arm-none-eabi/9.3.1/thumb/v7-m/nofp\libgcc.a(_arm_mulsf3.o)
 .ARM.attributes
                0x0000000000000801       0x1d c:/st/stm32cubeide_1.7.0/stm32cubeide/plugins/com.st.stm32cube.ide.mcu.externaltools.gnu-tools-for-stm32.9-2020-q2-update.win32_2.0.0.202105311346/tools/bin/../lib/gcc/arm-none-eabi/9.3.1/thumb/v7-m/nofp\libgcc.a(_arm_cmpsf2.o)
 .ARM.attributes
                0x000000000000081e       0x1d c:/st/stm32cubeide_1.7.0/stm32cubeide/plugins/com.st.stm32cube.ide.mcu.externaltools.gnu-tools-for-stm32.9-2020-q2-update.win32_2.0.0.202105311346/tools/bin/../lib/gcc/arm-none-eabi/9.3.1/thumb/v7-m/nofp\libgcc.a(_arm_fixunssfsi.o)
 .ARM.attributes
                0x000000000000083b       0x1d c:/st/stm32cubeide_1.7.0/stm32cubeide/plugins/com.st.stm32cube.ide.mcu.externaltools.gnu-tools-for-stm32.9-2020-q2-update.win32_2.0.0.202105311346/tools/bin/../lib/gcc/arm-none-eabi/9.3.1/thumb/v7-m/nofp/crtn.o
OUTPUT(F1_IOEXP_SPI_SLAVE_TEST.elf elf32-littlearm)
LOAD linker stubs
LOAD c:/st/stm32cubeide_1.7.0/stm32cubeide/plugins/com.st.stm32cube.ide.mcu.externaltools.gnu-tools-for-stm32.9-2020-q2-update.win32_2.0.0.202105311346/tools/bin/../lib/gcc/arm-none-eabi/9.3.1/../../../../arm-none-eabi/lib/thumb/v7-m/nofp\libc.a
LOAD c:/st/stm32cubeide_1.7.0/stm32cubeide/plugins/com.st.stm32cube.ide.mcu.externaltools.gnu-tools-for-stm32.9-2020-q2-update.win32_2.0.0.202105311346/tools/bin/../lib/gcc/arm-none-eabi/9.3.1/../../../../arm-none-eabi/lib/thumb/v7-m/nofp\libm.a
LOAD c:/st/stm32cubeide_1.7.0/stm32cubeide/plugins/com.st.stm32cube.ide.mcu.externaltools.gnu-tools-for-stm32.9-2020-q2-update.win32_2.0.0.202105311346/tools/bin/../lib/gcc/arm-none-eabi/9.3.1/thumb/v7-m/nofp\libgcc.a

.debug_info     0x0000000000000000    0x1c64f
 .debug_info    0x0000000000000000     0x1a7d ./Core/Src/LED_DRV_LP55231/led_drv_lp55231.o
 .debug_info    0x0000000000001a7d     0x1dc9 ./Core/Src/SH1107/sh1107.o
 .debug_info    0x0000000000003846     0x13a7 ./Core/Src/ad529x.o
 .debug_info    0x0000000000004bed     0x1225 ./Core/Src/dma.o
 .debug_info    0x0000000000005e12     0x136a ./Core/Src/gpio.o
 .debug_info    0x000000000000717c     0x11ee ./Core/Src/i2c.o
 .debug_info    0x000000000000836a     0x1511 ./Core/Src/io.o
 .debug_info    0x000000000000987b     0x1948 ./Core/Src/main.o
 .debug_info    0x000000000000b1c3     0x1e7f ./Core/Src/rt_bus_proto.o
 .debug_info    0x000000000000d042     0x1a74 ./Core/Src/spi.o
 .debug_info    0x000000000000eab6     0x15c9 ./Core/Src/ssi.o
 .debug_info    0x000000000001007f     0x1125 ./Core/Src/stm32f1xx_hal_msp.o
 .debug_info    0x00000000000111a4     0x15b0 ./Core/Src/stm32f1xx_it.o
 .debug_info    0x0000000000012754      0x9b5 ./Core/Src/sysmem.o
 .debug_info    0x0000000000013109      0x2be ./Core/Src/system_stm32f1xx.o
 .debug_info    0x00000000000133c7     0x1554 ./Core/Src/usart.o
 .debug_info    0x000000000001491b       0x22 ./Core/Startup/startup_stm32f103rctx.o
 .debug_info    0x000000000001493d      0x7d0 ./Drivers/STM32F1xx_HAL_Driver/Src/stm32f1xx_hal.o
 .debug_info    0x000000000001510d      0xc42 ./Drivers/STM32F1xx_HAL_Driver/Src/stm32f1xx_hal_cortex.o
 .debug_info    0x0000000000015d4f      0x81e ./Drivers/STM32F1xx_HAL_Driver/Src/stm32f1xx_hal_dma.o
 .debug_info    0x000000000001656d      0x701 ./Drivers/STM32F1xx_HAL_Driver/Src/stm32f1xx_hal_gpio.o
 .debug_info    0x0000000000016c6e     0x2774 ./Drivers/STM32F1xx_HAL_Driver/Src/stm32f1xx_hal_i2c.o
 .debug_info    0x00000000000193e2      0x88e ./Drivers/STM32F1xx_HAL_Driver/Src/stm32f1xx_hal_rcc.o
 .debug_info    0x0000000000019c70     0x16bd ./Drivers/STM32F1xx_HAL_Driver/Src/stm32f1xx_hal_spi.o
 .debug_info    0x000000000001b32d     0x1322 ./Drivers/STM32F1xx_HAL_Driver/Src/stm32f1xx_hal_uart.o

.debug_abbrev   0x0000000000000000     0x3831
 .debug_abbrev  0x0000000000000000      0x32a ./Core/Src/LED_DRV_LP55231/led_drv_lp55231.o
 .debug_abbrev  0x000000000000032a      0x315 ./Core/Src/SH1107/sh1107.o
 .debug_abbrev  0x000000000000063f      0x23c ./Core/Src/ad529x.o
 .debug_abbrev  0x000000000000087b      0x1e9 ./Core/Src/dma.o
 .debug_abbrev  0x0000000000000a64      0x1f4 ./Core/Src/gpio.o
 .debug_abbrev  0x0000000000000c58      0x227 ./Core/Src/i2c.o
 .debug_abbrev  0x0000000000000e7f      0x24d ./Core/Src/io.o
 .debug_abbrev  0x00000000000010cc      0x247 ./Core/Src/main.o
 .debug_abbrev  0x0000000000001313      0x36c ./Core/Src/rt_bus_proto.o
 .debug_abbrev  0x000000000000167f      0x2bd ./Core/Src/spi.o
 .debug_abbrev  0x000000000000193c      0x24f ./Core/Src/ssi.o
 .debug_abbrev  0x0000000000001b8b      0x1eb ./Core/Src/stm32f1xx_hal_msp.o
 .debug_abbrev  0x0000000000001d76      0x223 ./Core/Src/stm32f1xx_it.o
 .debug_abbrev  0x0000000000001f99      0x1e3 ./Core/Src/sysmem.o
 .debug_abbrev  0x000000000000217c      0x14e ./Core/Src/system_stm32f1xx.o
 .debug_abbrev  0x00000000000022ca      0x26c ./Core/Src/usart.o
 .debug_abbrev  0x0000000000002536       0x12 ./Core/Startup/startup_stm32f103rctx.o
 .debug_abbrev  0x0000000000002548      0x1ed ./Drivers/STM32F1xx_HAL_Driver/Src/stm32f1xx_hal.o
 .debug_abbrev  0x0000000000002735      0x313 ./Drivers/STM32F1xx_HAL_Driver/Src/stm32f1xx_hal_cortex.o
 .debug_abbrev  0x0000000000002a48      0x228 ./Drivers/STM32F1xx_HAL_Driver/Src/stm32f1xx_hal_dma.o
 .debug_abbrev  0x0000000000002c70      0x1e8 ./Drivers/STM32F1xx_HAL_Driver/Src/stm32f1xx_hal_gpio.o
 .debug_abbrev  0x0000000000002e58      0x288 ./Drivers/STM32F1xx_HAL_Driver/Src/stm32f1xx_hal_i2c.o
 .debug_abbrev  0x00000000000030e0      0x273 ./Drivers/STM32F1xx_HAL_Driver/Src/stm32f1xx_hal_rcc.o
 .debug_abbrev  0x0000000000003353      0x26e ./Drivers/STM32F1xx_HAL_Driver/Src/stm32f1xx_hal_spi.o
 .debug_abbrev  0x00000000000035c1      0x270 ./Drivers/STM32F1xx_HAL_Driver/Src/stm32f1xx_hal_uart.o

.debug_aranges  0x0000000000000000      0xfa0
 .debug_aranges
                0x0000000000000000      0x140 ./Core/Src/LED_DRV_LP55231/led_drv_lp55231.o
 .debug_aranges
                0x0000000000000140      0x120 ./Core/Src/SH1107/sh1107.o
 .debug_aranges
                0x0000000000000260       0x38 ./Core/Src/ad529x.o
 .debug_aranges
                0x0000000000000298       0x20 ./Core/Src/dma.o
 .debug_aranges
                0x00000000000002b8       0x20 ./Core/Src/gpio.o
 .debug_aranges
                0x00000000000002d8       0x30 ./Core/Src/i2c.o
 .debug_aranges
                0x0000000000000308       0x48 ./Core/Src/io.o
 .debug_aranges
                0x0000000000000350       0x40 ./Core/Src/main.o
 .debug_aranges
                0x0000000000000390       0x88 ./Core/Src/rt_bus_proto.o
 .debug_aranges
                0x0000000000000418       0x60 ./Core/Src/spi.o
 .debug_aranges
                0x0000000000000478       0x30 ./Core/Src/ssi.o
 .debug_aranges
                0x00000000000004a8       0x20 ./Core/Src/stm32f1xx_hal_msp.o
 .debug_aranges
                0x00000000000004c8       0x90 ./Core/Src/stm32f1xx_it.o
 .debug_aranges
                0x0000000000000558       0x20 ./Core/Src/sysmem.o
 .debug_aranges
                0x0000000000000578       0x28 ./Core/Src/system_stm32f1xx.o
 .debug_aranges
                0x00000000000005a0       0x50 ./Core/Src/usart.o
 .debug_aranges
                0x00000000000005f0       0x28 ./Core/Startup/startup_stm32f103rctx.o
 .debug_aranges
                0x0000000000000618       0xe0 ./Drivers/STM32F1xx_HAL_Driver/Src/stm32f1xx_hal.o
 .debug_aranges
                0x00000000000006f8      0x100 ./Drivers/STM32F1xx_HAL_Driver/Src/stm32f1xx_hal_cortex.o
 .debug_aranges
                0x00000000000007f8       0x80 ./Drivers/STM32F1xx_HAL_Driver/Src/stm32f1xx_hal_dma.o
 .debug_aranges
                0x0000000000000878       0x58 ./Drivers/STM32F1xx_HAL_Driver/Src/stm32f1xx_hal_gpio.o
 .debug_aranges
                0x00000000000008d0      0x2a0 ./Drivers/STM32F1xx_HAL_Driver/Src/stm32f1xx_hal_i2c.o
 .debug_aranges
                0x0000000000000b70       0x90 ./Drivers/STM32F1xx_HAL_Driver/Src/stm32f1xx_hal_rcc.o
 .debug_aranges
                0x0000000000000c00      0x1d0 ./Drivers/STM32F1xx_HAL_Driver/Src/stm32f1xx_hal_spi.o
 .debug_aranges
                0x0000000000000dd0      0x1d0 ./Drivers/STM32F1xx_HAL_Driver/Src/stm32f1xx_hal_uart.o

.debug_ranges   0x0000000000000000      0xe40
 .debug_ranges  0x0000000000000000      0x130 ./Core/Src/LED_DRV_LP55231/led_drv_lp55231.o
 .debug_ranges  0x0000000000000130      0x110 ./Core/Src/SH1107/sh1107.o
 .debug_ranges  0x0000000000000240       0x28 ./Core/Src/ad529x.o
 .debug_ranges  0x0000000000000268       0x10 ./Core/Src/dma.o
 .debug_ranges  0x0000000000000278       0x10 ./Core/Src/gpio.o
 .debug_ranges  0x0000000000000288       0x20 ./Core/Src/i2c.o
 .debug_ranges  0x00000000000002a8       0x38 ./Core/Src/io.o
 .debug_ranges  0x00000000000002e0       0x30 ./Core/Src/main.o
 .debug_ranges  0x0000000000000310       0x78 ./Core/Src/rt_bus_proto.o
 .debug_ranges  0x0000000000000388       0x50 ./Core/Src/spi.o
 .debug_ranges  0x00000000000003d8       0x20 ./Core/Src/ssi.o
 .debug_ranges  0x00000000000003f8       0x10 ./Core/Src/stm32f1xx_hal_msp.o
 .debug_ranges  0x0000000000000408       0x80 ./Core/Src/stm32f1xx_it.o
 .debug_ranges  0x0000000000000488       0x10 ./Core/Src/sysmem.o
 .debug_ranges  0x0000000000000498       0x18 ./Core/Src/system_stm32f1xx.o
 .debug_ranges  0x00000000000004b0       0x40 ./Core/Src/usart.o
 .debug_ranges  0x00000000000004f0       0x20 ./Core/Startup/startup_stm32f103rctx.o
 .debug_ranges  0x0000000000000510       0xd0 ./Drivers/STM32F1xx_HAL_Driver/Src/stm32f1xx_hal.o
 .debug_ranges  0x00000000000005e0       0xf0 ./Drivers/STM32F1xx_HAL_Driver/Src/stm32f1xx_hal_cortex.o
 .debug_ranges  0x00000000000006d0       0x70 ./Drivers/STM32F1xx_HAL_Driver/Src/stm32f1xx_hal_dma.o
 .debug_ranges  0x0000000000000740       0x48 ./Drivers/STM32F1xx_HAL_Driver/Src/stm32f1xx_hal_gpio.o
 .debug_ranges  0x0000000000000788      0x2b8 ./Drivers/STM32F1xx_HAL_Driver/Src/stm32f1xx_hal_i2c.o
 .debug_ranges  0x0000000000000a40       0x80 ./Drivers/STM32F1xx_HAL_Driver/Src/stm32f1xx_hal_rcc.o
 .debug_ranges  0x0000000000000ac0      0x1c0 ./Drivers/STM32F1xx_HAL_Driver/Src/stm32f1xx_hal_spi.o
 .debug_ranges  0x0000000000000c80      0x1c0 ./Drivers/STM32F1xx_HAL_Driver/Src/stm32f1xx_hal_uart.o

.debug_macro    0x0000000000000000    0x1d312
 .debug_macro   0x0000000000000000      0x3b6 ./Core/Src/LED_DRV_LP55231/led_drv_lp55231.o
 .debug_macro   0x00000000000003b6      0xa9c ./Core/Src/LED_DRV_LP55231/led_drv_lp55231.o
 .debug_macro   0x0000000000000e52      0x227 ./Core/Src/LED_DRV_LP55231/led_drv_lp55231.o
 .debug_macro   0x0000000000001079       0x2e ./Core/Src/LED_DRV_LP55231/led_drv_lp55231.o
 .debug_macro   0x00000000000010a7       0x22 ./Core/Src/LED_DRV_LP55231/led_drv_lp55231.o
 .debug_macro   0x00000000000010c9       0x22 ./Core/Src/LED_DRV_LP55231/led_drv_lp55231.o
 .debug_macro   0x00000000000010eb       0x8e ./Core/Src/LED_DRV_LP55231/led_drv_lp55231.o
 .debug_macro   0x0000000000001179       0x51 ./Core/Src/LED_DRV_LP55231/led_drv_lp55231.o
 .debug_macro   0x00000000000011ca      0x103 ./Core/Src/LED_DRV_LP55231/led_drv_lp55231.o
 .debug_macro   0x00000000000012cd       0x6a ./Core/Src/LED_DRV_LP55231/led_drv_lp55231.o
 .debug_macro   0x0000000000001337      0x1df ./Core/Src/LED_DRV_LP55231/led_drv_lp55231.o
 .debug_macro   0x0000000000001516       0x1c ./Core/Src/LED_DRV_LP55231/led_drv_lp55231.o
 .debug_macro   0x0000000000001532       0x22 ./Core/Src/LED_DRV_LP55231/led_drv_lp55231.o
 .debug_macro   0x0000000000001554       0xc3 ./Core/Src/LED_DRV_LP55231/led_drv_lp55231.o
 .debug_macro   0x0000000000001617      0xd23 ./Core/Src/LED_DRV_LP55231/led_drv_lp55231.o
 .debug_macro   0x000000000000233a     0xfd85 ./Core/Src/LED_DRV_LP55231/led_drv_lp55231.o
 .debug_macro   0x00000000000120bf       0x43 ./Core/Src/LED_DRV_LP55231/led_drv_lp55231.o
 .debug_macro   0x0000000000012102     0x3468 ./Core/Src/LED_DRV_LP55231/led_drv_lp55231.o
 .debug_macro   0x000000000001556a      0x174 ./Core/Src/LED_DRV_LP55231/led_drv_lp55231.o
 .debug_macro   0x00000000000156de       0x5c ./Core/Src/LED_DRV_LP55231/led_drv_lp55231.o
 .debug_macro   0x000000000001573a      0x5be ./Core/Src/LED_DRV_LP55231/led_drv_lp55231.o
 .debug_macro   0x0000000000015cf8      0x4d5 ./Core/Src/LED_DRV_LP55231/led_drv_lp55231.o
 .debug_macro   0x00000000000161cd      0x1cb ./Core/Src/LED_DRV_LP55231/led_drv_lp55231.o
 .debug_macro   0x0000000000016398      0x114 ./Core/Src/LED_DRV_LP55231/led_drv_lp55231.o
 .debug_macro   0x00000000000164ac      0x1ea ./Core/Src/LED_DRV_LP55231/led_drv_lp55231.o
 .debug_macro   0x0000000000016696       0x27 ./Core/Src/LED_DRV_LP55231/led_drv_lp55231.o
 .debug_macro   0x00000000000166bd      0x144 ./Core/Src/LED_DRV_LP55231/led_drv_lp55231.o
 .debug_macro   0x0000000000016801      0x1bc ./Core/Src/LED_DRV_LP55231/led_drv_lp55231.o
 .debug_macro   0x00000000000169bd       0x30 ./Core/Src/LED_DRV_LP55231/led_drv_lp55231.o
 .debug_macro   0x00000000000169ed       0x3c ./Core/Src/LED_DRV_LP55231/led_drv_lp55231.o
 .debug_macro   0x0000000000016a29       0x57 ./Core/Src/LED_DRV_LP55231/led_drv_lp55231.o
 .debug_macro   0x0000000000016a80       0x88 ./Core/Src/LED_DRV_LP55231/led_drv_lp55231.o
 .debug_macro   0x0000000000016b08      0x24f ./Core/Src/LED_DRV_LP55231/led_drv_lp55231.o
 .debug_macro   0x0000000000016d57      0x287 ./Core/Src/LED_DRV_LP55231/led_drv_lp55231.o
 .debug_macro   0x0000000000016fde      0x141 ./Core/Src/LED_DRV_LP55231/led_drv_lp55231.o
 .debug_macro   0x000000000001711f      0x217 ./Core/Src/LED_DRV_LP55231/led_drv_lp55231.o
 .debug_macro   0x0000000000017336      0x26b ./Core/Src/LED_DRV_LP55231/led_drv_lp55231.o
 .debug_macro   0x00000000000175a1       0xb5 ./Core/Src/LED_DRV_LP55231/led_drv_lp55231.o
 .debug_macro   0x0000000000017656       0x52 ./Core/Src/LED_DRV_LP55231/led_drv_lp55231.o
 .debug_macro   0x00000000000176a8       0x18 ./Core/Src/LED_DRV_LP55231/led_drv_lp55231.o
 .debug_macro   0x00000000000176c0       0x3c ./Core/Src/LED_DRV_LP55231/led_drv_lp55231.o
 .debug_macro   0x00000000000176fc       0x34 ./Core/Src/LED_DRV_LP55231/led_drv_lp55231.o
 .debug_macro   0x0000000000017730       0x16 ./Core/Src/LED_DRV_LP55231/led_drv_lp55231.o
 .debug_macro   0x0000000000017746       0x43 ./Core/Src/LED_DRV_LP55231/led_drv_lp55231.o
 .debug_macro   0x0000000000017789       0x34 ./Core/Src/LED_DRV_LP55231/led_drv_lp55231.o
 .debug_macro   0x00000000000177bd       0x10 ./Core/Src/LED_DRV_LP55231/led_drv_lp55231.o
 .debug_macro   0x00000000000177cd       0x58 ./Core/Src/LED_DRV_LP55231/led_drv_lp55231.o
 .debug_macro   0x0000000000017825       0x71 ./Core/Src/LED_DRV_LP55231/led_drv_lp55231.o
 .debug_macro   0x0000000000017896       0x1c ./Core/Src/LED_DRV_LP55231/led_drv_lp55231.o
 .debug_macro   0x00000000000178b2      0x12a ./Core/Src/LED_DRV_LP55231/led_drv_lp55231.o
 .debug_macro   0x00000000000179dc      0x333 ./Core/Src/LED_DRV_LP55231/led_drv_lp55231.o
 .debug_macro   0x0000000000017d0f       0x10 ./Core/Src/LED_DRV_LP55231/led_drv_lp55231.o
 .debug_macro   0x0000000000017d1f       0x35 ./Core/Src/LED_DRV_LP55231/led_drv_lp55231.o
 .debug_macro   0x0000000000017d54       0x20 ./Core/Src/LED_DRV_LP55231/led_drv_lp55231.o
 .debug_macro   0x0000000000017d74       0x16 ./Core/Src/LED_DRV_LP55231/led_drv_lp55231.o
 .debug_macro   0x0000000000017d8a       0x16 ./Core/Src/LED_DRV_LP55231/led_drv_lp55231.o
 .debug_macro   0x0000000000017da0       0x29 ./Core/Src/LED_DRV_LP55231/led_drv_lp55231.o
 .debug_macro   0x0000000000017dc9       0x1c ./Core/Src/LED_DRV_LP55231/led_drv_lp55231.o
 .debug_macro   0x0000000000017de5       0x10 ./Core/Src/LED_DRV_LP55231/led_drv_lp55231.o
 .debug_macro   0x0000000000017df5       0x10 ./Core/Src/LED_DRV_LP55231/led_drv_lp55231.o
 .debug_macro   0x0000000000017e05       0x1c ./Core/Src/LED_DRV_LP55231/led_drv_lp55231.o
 .debug_macro   0x0000000000017e21       0x52 ./Core/Src/LED_DRV_LP55231/led_drv_lp55231.o
 .debug_macro   0x0000000000017e73       0x22 ./Core/Src/LED_DRV_LP55231/led_drv_lp55231.o
 .debug_macro   0x0000000000017e95       0x10 ./Core/Src/LED_DRV_LP55231/led_drv_lp55231.o
 .debug_macro   0x0000000000017ea5       0x40 ./Core/Src/LED_DRV_LP55231/led_drv_lp55231.o
 .debug_macro   0x0000000000017ee5       0xd5 ./Core/Src/LED_DRV_LP55231/led_drv_lp55231.o
 .debug_macro   0x0000000000017fba       0x1c ./Core/Src/LED_DRV_LP55231/led_drv_lp55231.o
 .debug_macro   0x0000000000017fd6       0x3d ./Core/Src/LED_DRV_LP55231/led_drv_lp55231.o
 .debug_macro   0x0000000000018013       0x16 ./Core/Src/LED_DRV_LP55231/led_drv_lp55231.o
 .debug_macro   0x0000000000018029      0x145 ./Core/Src/LED_DRV_LP55231/led_drv_lp55231.o
 .debug_macro   0x000000000001816e       0xee ./Core/Src/LED_DRV_LP55231/led_drv_lp55231.o
 .debug_macro   0x000000000001825c      0x154 ./Core/Src/LED_DRV_LP55231/led_drv_lp55231.o
 .debug_macro   0x00000000000183b0      0x1b0 ./Core/Src/LED_DRV_LP55231/led_drv_lp55231.o
 .debug_macro   0x0000000000018560      0x3c4 ./Core/Src/SH1107/sh1107.o
 .debug_macro   0x0000000000018924      0x3c8 ./Core/Src/ad529x.o
 .debug_macro   0x0000000000018cec      0x1b6 ./Core/Src/ad529x.o
 .debug_macro   0x0000000000018ea2       0x46 ./Core/Src/ad529x.o
 .debug_macro   0x0000000000018ee8       0x76 ./Core/Src/ad529x.o
 .debug_macro   0x0000000000018f5e      0x3b6 ./Core/Src/dma.o
 .debug_macro   0x0000000000019314      0x3b6 ./Core/Src/gpio.o
 .debug_macro   0x00000000000196ca      0x3b6 ./Core/Src/i2c.o
 .debug_macro   0x0000000000019a80      0x3d8 ./Core/Src/io.o
 .debug_macro   0x0000000000019e58       0xfa ./Core/Src/io.o
 .debug_macro   0x0000000000019f52       0x40 ./Core/Src/io.o
 .debug_macro   0x0000000000019f92      0x424 ./Core/Src/main.o
 .debug_macro   0x000000000001a3b6       0x70 ./Core/Src/main.o
 .debug_macro   0x000000000001a426      0x3f8 ./Core/Src/rt_bus_proto.o
 .debug_macro   0x000000000001a81e      0x339 ./Core/Src/rt_bus_proto.o
 .debug_macro   0x000000000001ab57       0xbd ./Core/Src/rt_bus_proto.o
 .debug_macro   0x000000000001ac14       0x56 ./Core/Src/rt_bus_proto.o
 .debug_macro   0x000000000001ac6a      0x3cf ./Core/Src/spi.o
 .debug_macro   0x000000000001b039      0x3cf ./Core/Src/ssi.o
 .debug_macro   0x000000000001b408      0x3ac ./Core/Src/stm32f1xx_hal_msp.o
 .debug_macro   0x000000000001b7b4      0x3c4 ./Core/Src/stm32f1xx_it.o
 .debug_macro   0x000000000001bb78      0x1b1 ./Core/Src/sysmem.o
 .debug_macro   0x000000000001bd29      0x23b ./Core/Src/sysmem.o
 .debug_macro   0x000000000001bf64      0x1a2 ./Core/Src/system_stm32f1xx.o
 .debug_macro   0x000000000001c106      0x3bf ./Core/Src/usart.o
 .debug_macro   0x000000000001c4c5       0x4c ./Core/Src/usart.o
 .debug_macro   0x000000000001c511      0x1c6 ./Drivers/STM32F1xx_HAL_Driver/Src/stm32f1xx_hal.o
 .debug_macro   0x000000000001c6d7      0x1a2 ./Drivers/STM32F1xx_HAL_Driver/Src/stm32f1xx_hal_cortex.o
 .debug_macro   0x000000000001c879      0x1a2 ./Drivers/STM32F1xx_HAL_Driver/Src/stm32f1xx_hal_dma.o
 .debug_macro   0x000000000001ca1b      0x20d ./Drivers/STM32F1xx_HAL_Driver/Src/stm32f1xx_hal_gpio.o
 .debug_macro   0x000000000001cc28      0x1e9 ./Drivers/STM32F1xx_HAL_Driver/Src/stm32f1xx_hal_i2c.o
 .debug_macro   0x000000000001ce11      0x1b4 ./Drivers/STM32F1xx_HAL_Driver/Src/stm32f1xx_hal_rcc.o
 .debug_macro   0x000000000001cfc5      0x1aa ./Drivers/STM32F1xx_HAL_Driver/Src/stm32f1xx_hal_spi.o
 .debug_macro   0x000000000001d16f      0x1a3 ./Drivers/STM32F1xx_HAL_Driver/Src/stm32f1xx_hal_uart.o

.debug_line     0x0000000000000000    0x155b9
 .debug_line    0x0000000000000000     0x1106 ./Core/Src/LED_DRV_LP55231/led_drv_lp55231.o
 .debug_line    0x0000000000001106     0x1201 ./Core/Src/SH1107/sh1107.o
 .debug_line    0x0000000000002307      0x9a4 ./Core/Src/ad529x.o
 .debug_line    0x0000000000002cab      0x923 ./Core/Src/dma.o
 .debug_line    0x00000000000035ce      0x97c ./Core/Src/gpio.o
 .debug_line    0x0000000000003f4a      0x987 ./Core/Src/i2c.o
 .debug_line    0x00000000000048d1      0xa4e ./Core/Src/io.o
 .debug_line    0x000000000000531f      0xa70 ./Core/Src/main.o
 .debug_line    0x0000000000005d8f      0xd73 ./Core/Src/rt_bus_proto.o
 .debug_line    0x0000000000006b02      0xbd7 ./Core/Src/spi.o
 .debug_line    0x00000000000076d9      0xa73 ./Core/Src/ssi.o
 .debug_line    0x000000000000814c      0x925 ./Core/Src/stm32f1xx_hal_msp.o
 .debug_line    0x0000000000008a71      0xa80 ./Core/Src/stm32f1xx_it.o
 .debug_line    0x00000000000094f1      0x58a ./Core/Src/sysmem.o
 .debug_line    0x0000000000009a7b      0x6f8 ./Core/Src/system_stm32f1xx.o
 .debug_line    0x000000000000a173      0xa37 ./Core/Src/usart.o
 .debug_line    0x000000000000abaa       0x84 ./Core/Startup/startup_stm32f103rctx.o
 .debug_line    0x000000000000ac2e      0x925 ./Drivers/STM32F1xx_HAL_Driver/Src/stm32f1xx_hal.o
 .debug_line    0x000000000000b553      0xb0d ./Drivers/STM32F1xx_HAL_Driver/Src/stm32f1xx_hal_cortex.o
 .debug_line    0x000000000000c060     0x124f ./Drivers/STM32F1xx_HAL_Driver/Src/stm32f1xx_hal_dma.o
 .debug_line    0x000000000000d2af      0x9e4 ./Drivers/STM32F1xx_HAL_Driver/Src/stm32f1xx_hal_gpio.o
 .debug_line    0x000000000000dc93     0x3927 ./Drivers/STM32F1xx_HAL_Driver/Src/stm32f1xx_hal_i2c.o
 .debug_line    0x00000000000115ba      0xd33 ./Drivers/STM32F1xx_HAL_Driver/Src/stm32f1xx_hal_rcc.o
 .debug_line    0x00000000000122ed     0x1b9d ./Drivers/STM32F1xx_HAL_Driver/Src/stm32f1xx_hal_spi.o
 .debug_line    0x0000000000013e8a     0x172f ./Drivers/STM32F1xx_HAL_Driver/Src/stm32f1xx_hal_uart.o

.debug_str      0x0000000000000000    0x9742a
 .debug_str     0x0000000000000000    0x92b08 ./Core/Src/LED_DRV_LP55231/led_drv_lp55231.o
                                      0x93058 (size before relaxing)
 .debug_str     0x0000000000092b08      0x57f ./Core/Src/SH1107/sh1107.o
                                      0x93061 (size before relaxing)
 .debug_str     0x0000000000093087      0x545 ./Core/Src/ad529x.o
                                      0x93044 (size before relaxing)
 .debug_str     0x00000000000935cc      0x34c ./Core/Src/dma.o
                                      0x92ebd (size before relaxing)
 .debug_str     0x0000000000093918       0x50 ./Core/Src/gpio.o
                                      0x92f1f (size before relaxing)
 .debug_str     0x0000000000093968       0x54 ./Core/Src/i2c.o
                                      0x92b9a (size before relaxing)
 .debug_str     0x00000000000939bc      0x67a ./Core/Src/io.o
                                      0x93446 (size before relaxing)
 .debug_str     0x0000000000094036      0x3fa ./Core/Src/main.o
                                      0x93ad3 (size before relaxing)
 .debug_str     0x0000000000094430      0x429 ./Core/Src/rt_bus_proto.o
                                      0x939aa (size before relaxing)
 .debug_str     0x0000000000094859       0xbb ./Core/Src/spi.o
                                      0x9345d (size before relaxing)
 .debug_str     0x0000000000094914       0x5f ./Core/Src/ssi.o
                                      0x92f75 (size before relaxing)
 .debug_str     0x0000000000094973       0x50 ./Core/Src/stm32f1xx_hal_msp.o
                                      0x92b37 (size before relaxing)
 .debug_str     0x00000000000949c3      0x14b ./Core/Src/stm32f1xx_it.o
                                      0x92f49 (size before relaxing)
 .debug_str     0x0000000000094b0e      0x4be ./Core/Src/sysmem.o
                                       0x7b7f (size before relaxing)
 .debug_str     0x0000000000094fcc       0x52 ./Core/Src/system_stm32f1xx.o
                                      0x8d43c (size before relaxing)
 .debug_str     0x000000000009501e      0x158 ./Core/Src/usart.o
                                      0x92eb0 (size before relaxing)
 .debug_str     0x0000000000095176       0x36 ./Core/Startup/startup_stm32f103rctx.o
                                         0x86 (size before relaxing)
 .debug_str     0x00000000000951ac      0x2e8 ./Drivers/STM32F1xx_HAL_Driver/Src/stm32f1xx_hal.o
                                      0x8dbb1 (size before relaxing)
 .debug_str     0x0000000000095494      0x2a6 ./Drivers/STM32F1xx_HAL_Driver/Src/stm32f1xx_hal_cortex.o
                                      0x8dbb9 (size before relaxing)
 .debug_str     0x000000000009573a      0x235 ./Drivers/STM32F1xx_HAL_Driver/Src/stm32f1xx_hal_dma.o
                                      0x8d817 (size before relaxing)
 .debug_str     0x000000000009596f      0x2ff ./Drivers/STM32F1xx_HAL_Driver/Src/stm32f1xx_hal_gpio.o
                                      0x8d800 (size before relaxing)
 .debug_str     0x0000000000095c6e      0xb39 ./Drivers/STM32F1xx_HAL_Driver/Src/stm32f1xx_hal_i2c.o
                                      0x8e478 (size before relaxing)
 .debug_str     0x00000000000967a7      0x244 ./Drivers/STM32F1xx_HAL_Driver/Src/stm32f1xx_hal_rcc.o
                                      0x8d839 (size before relaxing)
 .debug_str     0x00000000000969eb      0x515 ./Drivers/STM32F1xx_HAL_Driver/Src/stm32f1xx_hal_spi.o
                                      0x8dd47 (size before relaxing)
 .debug_str     0x0000000000096f00      0x52a ./Drivers/STM32F1xx_HAL_Driver/Src/stm32f1xx_hal_uart.o
                                      0x8dd3f (size before relaxing)

.comment        0x0000000000000000       0x53
 .comment       0x0000000000000000       0x53 ./Core/Src/LED_DRV_LP55231/led_drv_lp55231.o
                                         0x54 (size before relaxing)
 .comment       0x0000000000000053       0x54 ./Core/Src/SH1107/sh1107.o
 .comment       0x0000000000000053       0x54 ./Core/Src/ad529x.o
 .comment       0x0000000000000053       0x54 ./Core/Src/dma.o
 .comment       0x0000000000000053       0x54 ./Core/Src/gpio.o
 .comment       0x0000000000000053       0x54 ./Core/Src/i2c.o
 .comment       0x0000000000000053       0x54 ./Core/Src/io.o
 .comment       0x0000000000000053       0x54 ./Core/Src/main.o
 .comment       0x0000000000000053       0x54 ./Core/Src/rt_bus_proto.o
 .comment       0x0000000000000053       0x54 ./Core/Src/spi.o
 .comment       0x0000000000000053       0x54 ./Core/Src/ssi.o
 .comment       0x0000000000000053       0x54 ./Core/Src/stm32f1xx_hal_msp.o
 .comment       0x0000000000000053       0x54 ./Core/Src/stm32f1xx_it.o
 .comment       0x0000000000000053       0x54 ./Core/Src/sysmem.o
 .comment       0x0000000000000053       0x54 ./Core/Src/system_stm32f1xx.o
 .comment       0x0000000000000053       0x54 ./Core/Src/usart.o
 .comment       0x0000000000000053       0x54 ./Drivers/STM32F1xx_HAL_Driver/Src/stm32f1xx_hal.o
 .comment       0x0000000000000053       0x54 ./Drivers/STM32F1xx_HAL_Driver/Src/stm32f1xx_hal_cortex.o
 .comment       0x0000000000000053       0x54 ./Drivers/STM32F1xx_HAL_Driver/Src/stm32f1xx_hal_dma.o
 .comment       0x0000000000000053       0x54 ./Drivers/STM32F1xx_HAL_Driver/Src/stm32f1xx_hal_gpio.o
 .comment       0x0000000000000053       0x54 ./Drivers/STM32F1xx_HAL_Driver/Src/stm32f1xx_hal_i2c.o
 .comment       0x0000000000000053       0x54 ./Drivers/STM32F1xx_HAL_Driver/Src/stm32f1xx_hal_rcc.o
 .comment       0x0000000000000053       0x54 ./Drivers/STM32F1xx_HAL_Driver/Src/stm32f1xx_hal_spi.o
 .comment       0x0000000000000053       0x54 ./Drivers/STM32F1xx_HAL_Driver/Src/stm32f1xx_hal_uart.o

.debug_frame    0x0000000000000000     0x4304